Archive member included to satisfy reference by file (symbol)

d:/stm32cubeide_1.10.1/stm32cubeide/plugins/com.st.stm32cube.ide.mcu.externaltools.gnu-tools-for-stm32.10.3-2021.10.win32_1.0.0.202111181127/tools/bin/../lib/gcc/arm-none-eabi/10.3.1/../../../../arm-none-eabi/lib/thumb/v7e-m+fp/hard\libc_nano.a(lib_a-errno.o)
                              ./Core/Src/syscalls.o (__errno)
d:/stm32cubeide_1.10.1/stm32cubeide/plugins/com.st.stm32cube.ide.mcu.externaltools.gnu-tools-for-stm32.10.3-2021.10.win32_1.0.0.202111181127/tools/bin/../lib/gcc/arm-none-eabi/10.3.1/../../../../arm-none-eabi/lib/thumb/v7e-m+fp/hard\libc_nano.a(lib_a-exit.o)
                              d:/stm32cubeide_1.10.1/stm32cubeide/plugins/com.st.stm32cube.ide.mcu.externaltools.gnu-tools-for-stm32.10.3-2021.10.win32_1.0.0.202111181127/tools/bin/../lib/gcc/arm-none-eabi/10.3.1/../../../../arm-none-eabi/lib/thumb/v7e-m+fp/hard/crt0.o (exit)
d:/stm32cubeide_1.10.1/stm32cubeide/plugins/com.st.stm32cube.ide.mcu.externaltools.gnu-tools-for-stm32.10.3-2021.10.win32_1.0.0.202111181127/tools/bin/../lib/gcc/arm-none-eabi/10.3.1/../../../../arm-none-eabi/lib/thumb/v7e-m+fp/hard\libc_nano.a(lib_a-impure.o)
                              d:/stm32cubeide_1.10.1/stm32cubeide/plugins/com.st.stm32cube.ide.mcu.externaltools.gnu-tools-for-stm32.10.3-2021.10.win32_1.0.0.202111181127/tools/bin/../lib/gcc/arm-none-eabi/10.3.1/../../../../arm-none-eabi/lib/thumb/v7e-m+fp/hard\libc_nano.a(lib_a-exit.o) (_global_impure_ptr)
d:/stm32cubeide_1.10.1/stm32cubeide/plugins/com.st.stm32cube.ide.mcu.externaltools.gnu-tools-for-stm32.10.3-2021.10.win32_1.0.0.202111181127/tools/bin/../lib/gcc/arm-none-eabi/10.3.1/../../../../arm-none-eabi/lib/thumb/v7e-m+fp/hard\libc_nano.a(lib_a-init.o)
                              d:/stm32cubeide_1.10.1/stm32cubeide/plugins/com.st.stm32cube.ide.mcu.externaltools.gnu-tools-for-stm32.10.3-2021.10.win32_1.0.0.202111181127/tools/bin/../lib/gcc/arm-none-eabi/10.3.1/../../../../arm-none-eabi/lib/thumb/v7e-m+fp/hard/crt0.o (__libc_init_array)
d:/stm32cubeide_1.10.1/stm32cubeide/plugins/com.st.stm32cube.ide.mcu.externaltools.gnu-tools-for-stm32.10.3-2021.10.win32_1.0.0.202111181127/tools/bin/../lib/gcc/arm-none-eabi/10.3.1/../../../../arm-none-eabi/lib/thumb/v7e-m+fp/hard\libc_nano.a(lib_a-memcpy-stub.o)
                              ./Middlewares/Third_Party/FreeRTOS/Source/queue.o (memcpy)
d:/stm32cubeide_1.10.1/stm32cubeide/plugins/com.st.stm32cube.ide.mcu.externaltools.gnu-tools-for-stm32.10.3-2021.10.win32_1.0.0.202111181127/tools/bin/../lib/gcc/arm-none-eabi/10.3.1/../../../../arm-none-eabi/lib/thumb/v7e-m+fp/hard\libc_nano.a(lib_a-memset.o)
                              d:/stm32cubeide_1.10.1/stm32cubeide/plugins/com.st.stm32cube.ide.mcu.externaltools.gnu-tools-for-stm32.10.3-2021.10.win32_1.0.0.202111181127/tools/bin/../lib/gcc/arm-none-eabi/10.3.1/../../../../arm-none-eabi/lib/thumb/v7e-m+fp/hard/crt0.o (memset)
d:/stm32cubeide_1.10.1/stm32cubeide/plugins/com.st.stm32cube.ide.mcu.externaltools.gnu-tools-for-stm32.10.3-2021.10.win32_1.0.0.202111181127/tools/bin/../lib/gcc/arm-none-eabi/10.3.1/thumb/v7e-m+fp/hard\libgcc.a(_aeabi_uldivmod.o)
                              ./Drivers/STM32F4xx_HAL_Driver/Src/stm32f4xx_hal_rcc.o (__aeabi_uldivmod)
d:/stm32cubeide_1.10.1/stm32cubeide/plugins/com.st.stm32cube.ide.mcu.externaltools.gnu-tools-for-stm32.10.3-2021.10.win32_1.0.0.202111181127/tools/bin/../lib/gcc/arm-none-eabi/10.3.1/thumb/v7e-m+fp/hard\libgcc.a(_udivmoddi4.o)
                              d:/stm32cubeide_1.10.1/stm32cubeide/plugins/com.st.stm32cube.ide.mcu.externaltools.gnu-tools-for-stm32.10.3-2021.10.win32_1.0.0.202111181127/tools/bin/../lib/gcc/arm-none-eabi/10.3.1/thumb/v7e-m+fp/hard\libgcc.a(_aeabi_uldivmod.o) (__udivmoddi4)
d:/stm32cubeide_1.10.1/stm32cubeide/plugins/com.st.stm32cube.ide.mcu.externaltools.gnu-tools-for-stm32.10.3-2021.10.win32_1.0.0.202111181127/tools/bin/../lib/gcc/arm-none-eabi/10.3.1/thumb/v7e-m+fp/hard\libgcc.a(_dvmd_tls.o)
                              d:/stm32cubeide_1.10.1/stm32cubeide/plugins/com.st.stm32cube.ide.mcu.externaltools.gnu-tools-for-stm32.10.3-2021.10.win32_1.0.0.202111181127/tools/bin/../lib/gcc/arm-none-eabi/10.3.1/thumb/v7e-m+fp/hard\libgcc.a(_aeabi_uldivmod.o) (__aeabi_ldiv0)

Discarded input sections

 .text          0x0000000000000000        0x0 d:/stm32cubeide_1.10.1/stm32cubeide/plugins/com.st.stm32cube.ide.mcu.externaltools.gnu-tools-for-stm32.10.3-2021.10.win32_1.0.0.202111181127/tools/bin/../lib/gcc/arm-none-eabi/10.3.1/thumb/v7e-m+fp/hard/crti.o
 .data          0x0000000000000000        0x0 d:/stm32cubeide_1.10.1/stm32cubeide/plugins/com.st.stm32cube.ide.mcu.externaltools.gnu-tools-for-stm32.10.3-2021.10.win32_1.0.0.202111181127/tools/bin/../lib/gcc/arm-none-eabi/10.3.1/thumb/v7e-m+fp/hard/crti.o
[...]
Memory Configuration

Name             Origin             Length             Attributes
CCMRAM           0x0000000010000000 0x0000000000010000 xrw
RAM              0x0000000020000000 0x0000000000020000 xrw
FLASH            0x0000000008000000 0x0000000000080000 xr
*default*        0x0000000000000000 0xffffffffffffffff

Linker script and memory map

LOAD d:/stm32cubeide_1.10.1/stm32cubeide/plugins/com.st.stm32cube.ide.mcu.externaltools.gnu-tools-for-stm32.10.3-2021.10.win32_1.0.0.202111181127/tools/bin/../lib/gcc/arm-none-eabi/10.3.1/thumb/v7e-m+fp/hard/crti.o
LOAD d:/stm32cubeide_1.10.1/stm32cubeide/plugins/com.st.stm32cube.ide.mcu.externaltools.gnu-tools-for-stm32.10.3-2021.10.win32_1.0.0.202111181127/tools/bin/../lib/gcc/arm-none-eabi/10.3.1/thumb/v7e-m+fp/hard/crtbegin.o
LOAD d:/stm32cubeide_1.10.1/stm32cubeide/plugins/com.st.stm32cube.ide.mcu.externaltools.gnu-tools-for-stm32.10.3-2021.10.win32_1.0.0.202111181127/tools/bin/../lib/gcc/arm-none-eabi/10.3.1/../../../../arm-none-eabi/lib/thumb/v7e-m+fp/hard/crt0.o
LOAD ./Core/Src/freertos.o
LOAD ./Core/Src/main.o
LOAD ./Core/Src/stm32f4xx_hal_msp.o
LOAD ./Core/Src/stm32f4xx_it.o
LOAD ./Core/Src/syscalls.o
LOAD ./Core/Src/sysmem.o
LOAD ./Core/Src/system_stm32f4xx.o
LOAD ./Core/Startup/startup_stm32f407vetx.o
LOAD ./Drivers/STM32F4xx_HAL_Driver/Src/stm32f4xx_hal.o
LOAD ./Drivers/STM32F4xx_HAL_Driver/Src/stm32f4xx_hal_cortex.o
LOAD ./Drivers/STM32F4xx_HAL_Driver/Src/stm32f4xx_hal_dma.o
LOAD ./Drivers/STM32F4xx_HAL_Driver/Src/stm32f4xx_hal_dma_ex.o
LOAD ./Drivers/STM32F4xx_HAL_Driver/Src/stm32f4xx_hal_exti.o
LOAD ./Drivers/STM32F4xx_HAL_Driver/Src/stm32f4xx_hal_flash.o
LOAD ./Drivers/STM32F4xx_HAL_Driver/Src/stm32f4xx_hal_flash_ex.o
LOAD ./Drivers/STM32F4xx_HAL_Driver/Src/stm32f4xx_hal_flash_ramfunc.o
LOAD ./Drivers/STM32F4xx_HAL_Driver/Src/stm32f4xx_hal_gpio.o
LOAD ./Drivers/STM32F4xx_HAL_Driver/Src/stm32f4xx_hal_pwr.o
LOAD ./Drivers/STM32F4xx_HAL_Driver/Src/stm32f4xx_hal_pwr_ex.o
LOAD ./Drivers/STM32F4xx_HAL_Driver/Src/stm32f4xx_hal_rcc.o
LOAD ./Drivers/STM32F4xx_HAL_Driver/Src/stm32f4xx_hal_rcc_ex.o
LOAD ./Drivers/STM32F4xx_HAL_Driver/Src/stm32f4xx_hal_tim.o
LOAD ./Drivers/STM32F4xx_HAL_Driver/Src/stm32f4xx_hal_tim_ex.o
LOAD ./Middlewares/Third_Party/FreeRTOS/Source/CMSIS_RTOS/cmsis_os.o
LOAD ./Middlewares/Third_Party/FreeRTOS/Source/croutine.o
LOAD ./Middlewares/Third_Party/FreeRTOS/Source/event_groups.o
LOAD ./Middlewares/Third_Party/FreeRTOS/Source/list.o
LOAD ./Middlewares/Third_Party/FreeRTOS/Source/queue.o
LOAD ./Middlewares/Third_Party/FreeRTOS/Source/stream_buffer.o
LOAD ./Middlewares/Third_Party/FreeRTOS/Source/tasks.o
LOAD ./Middlewares/Third_Party/FreeRTOS/Source/timers.o
LOAD ./Middlewares/Third_Party/FreeRTOS/Source/portable/GCC/ARM_CM4F/port.o
LOAD ./Middlewares/Third_Party/FreeRTOS/Source/portable/MemMang/heap_4.o
LOAD ./PeripheralDriver/Src/oled.o
START GROUP
LOAD d:/stm32cubeide_1.10.1/stm32cubeide/plugins/com.st.stm32cube.ide.mcu.externaltools.gnu-tools-for-stm32.10.3-2021.10.win32_1.0.0.202111181127/tools/bin/../lib/gcc/arm-none-eabi/10.3.1/../../../../arm-none-eabi/lib/thumb/v7e-m+fp/hard\libc_nano.a
LOAD d:/stm32cubeide_1.10.1/stm32cubeide/plugins/com.st.stm32cube.ide.mcu.externaltools.gnu-tools-for-stm32.10.3-2021.10.win32_1.0.0.202111181127/tools/bin/../lib/gcc/arm-none-eabi/10.3.1/../../../../arm-none-eabi/lib/thumb/v7e-m+fp/hard\libm.a
END GROUP
START GROUP
LOAD d:/stm32cubeide_1.10.1/stm32cubeide/plugins/com.st.stm32cube.ide.mcu.externaltools.gnu-tools-for-stm32.10.3-2021.10.win32_1.0.0.202111181127/tools/bin/../lib/gcc/arm-none-eabi/10.3.1/thumb/v7e-m+fp/hard\libgcc.a
LOAD d:/stm32cubeide_1.10.1/stm32cubeide/plugins/com.st.stm32cube.ide.mcu.externaltools.gnu-tools-for-stm32.10.3-2021.10.win32_1.0.0.202111181127/tools/bin/../lib/gcc/arm-none-eabi/10.3.1/../../../../arm-none-eabi/lib/thumb/v7e-m+fp/hard\libc_nano.a
END GROUP
START GROUP
LOAD d:/stm32cubeide_1.10.1/stm32cubeide/plugins/com.st.stm32cube.ide.mcu.externaltools.gnu-tools-for-stm32.10.3-2021.10.win32_1.0.0.202111181127/tools/bin/../lib/gcc/arm-none-eabi/10.3.1/thumb/v7e-m+fp/hard\libgcc.a
LOAD d:/stm32cubeide_1.10.1/stm32cubeide/plugins/com.st.stm32cube.ide.mcu.externaltools.gnu-tools-for-stm32.10.3-2021.10.win32_1.0.0.202111181127/tools/bin/../lib/gcc/arm-none-eabi/10.3.1/../../../../arm-none-eabi/lib/thumb/v7e-m+fp/hard\libc_nano.a
LOAD d:/stm32cubeide_1.10.1/stm32cubeide/plugins/com.st.stm32cube.ide.mcu.externaltools.gnu-tools-for-stm32.10.3-2021.10.win32_1.0.0.202111181127/tools/bin/../lib/gcc/arm-none-eabi/10.3.1/../../../../arm-none-eabi/lib/thumb/v7e-m+fp/hard\libnosys.a
END GROUP
START GROUP
LOAD d:/stm32cubeide_1.10.1/stm32cubeide/plugins/com.st.stm32cube.ide.mcu.externaltools.gnu-tools-for-stm32.10.3-2021.10.win32_1.0.0.202111181127/tools/bin/../lib/gcc/arm-none-eabi/10.3.1/thumb/v7e-m+fp/hard\libgcc.a
LOAD d:/stm32cubeide_1.10.1/stm32cubeide/plugins/com.st.stm32cube.ide.mcu.externaltools.gnu-tools-for-stm32.10.3-2021.10.win32_1.0.0.202111181127/tools/bin/../lib/gcc/arm-none-eabi/10.3.1/../../../../arm-none-eabi/lib/thumb/v7e-m+fp/hard\libc_nano.a
LOAD d:/stm32cubeide_1.10.1/stm32cubeide/plugins/com.st.stm32cube.ide.mcu.externaltools.gnu-tools-for-stm32.10.3-2021.10.win32_1.0.0.202111181127/tools/bin/../lib/gcc/arm-none-eabi/10.3.1/../../../../arm-none-eabi/lib/thumb/v7e-m+fp/hard\libnosys.a
END GROUP
LOAD d:/stm32cubeide_1.10.1/stm32cubeide/plugins/com.st.stm32cube.ide.mcu.externaltools.gnu-tools-for-stm32.10.3-2021.10.win32_1.0.0.202111181127/tools/bin/../lib/gcc/arm-none-eabi/10.3.1/thumb/v7e-m+fp/hard/crtend.o
LOAD d:/stm32cubeide_1.10.1/stm32cubeide/plugins/com.st.stm32cube.ide.mcu.externaltools.gnu-tools-for-stm32.10.3-2021.10.win32_1.0.0.202111181127/tools/bin/../lib/gcc/arm-none-eabi/10.3.1/thumb/v7e-m+fp/hard/crtn.o
                0x0000000020020000                _estack = (ORIGIN (RAM) + LENGTH (RAM))
                0x0000000000000200                _Min_Heap_Size = 0x200
                0x0000000000000400                _Min_Stack_Size = 0x400

.isr_vector     0x0000000008000000      0x188
                0x0000000008000000                . = ALIGN (0x4)
 *(.isr_vector)
 .isr_vector    0x0000000008000000      0x188 ./Core/Startup/startup_stm32f407vetx.o
                0x0000000008000000                g_pfnVectors
                0x0000000008000188                . = ALIGN (0x4)

.text           0x0000000008000190     0x3a04
                0x0000000008000190                . = ALIGN (0x4)
 *(.text)
 .text          0x0000000008000190       0x40 d:/stm32cubeide_1.10.1/stm32cubeide/plugins/com.st.stm32cube.ide.mcu.externaltools.gnu-tools-for-stm32.10.3-2021.10.win32_1.0.0.202111181127/tools/bin/../lib/gcc/arm-none-eabi/10.3.1/thumb/v7e-m+fp/hard/crtbegin.o
 .text          0x00000000080001d0       0x30 d:/stm32cubeide_1.10.1/stm32cubeide/plugins/com.st.stm32cube.ide.mcu.externaltools.gnu-tools-for-stm32.10.3-2021.10.win32_1.0.0.202111181127/tools/bin/../lib/gcc/arm-none-eabi/10.3.1/thumb/v7e-m+fp/hard\libgcc.a(_aeabi_uldivmod.o)
                0x00000000080001d0                __aeabi_uldivmod
 .text          0x0000000008000200      0x2d0 d:/stm32cubeide_1.10.1/stm32cubeide/plugins/com.st.stm32cube.ide.mcu.externaltools.gnu-tools-for-stm32.10.3-2021.10.win32_1.0.0.202111181127/tools/bin/../lib/gcc/arm-none-eabi/10.3.1/thumb/v7e-m+fp/hard\libgcc.a(_udivmoddi4.o)
                0x0000000008000200                __udivmoddi4
 .text          0x00000000080004d0        0x4 d:/stm32cubeide_1.10.1/stm32cubeide/plugins/com.st.stm32cube.ide.mcu.externaltools.gnu-tools-for-stm32.10.3-2021.10.win32_1.0.0.202111181127/tools/bin/../lib/gcc/arm-none-eabi/10.3.1/thumb/v7e-m+fp/hard\libgcc.a(_dvmd_tls.o)
                0x00000000080004d0                __aeabi_idiv0
                0x00000000080004d0                __aeabi_ldiv0
 *(.text*)
 .text.vApplicationGetIdleTaskMemory
                0x00000000080004d4       0x34 ./Core/Src/freertos.o
                0x00000000080004d4                vApplicationGetIdleTaskMemory
 .text.main     0x0000000008000508       0x4c ./Core/Src/main.o
                0x0000000008000508                main
 .text.SystemClock_Config
                0x0000000008000554       0xbc ./Core/Src/main.o
                0x0000000008000554                SystemClock_Config
 .text.MX_TIM8_Init
                0x0000000008000610      0x13c ./Core/Src/main.o
 .text.MX_GPIO_Init
                0x000000000800074c       0xd0 ./Core/Src/main.o
 .text.StartDefaultTask
                0x000000000800081c       0x10 ./Core/Src/main.o
                0x000000000800081c                StartDefaultTask
 .text.Error_Handler
                0x000000000800082c        0xa ./Core/Src/main.o
                0x000000000800082c                Error_Handler
 *fill*         0x0000000008000836        0x2 
 .text.HAL_MspInit
                0x0000000008000838       0x58 ./Core/Src/stm32f4xx_hal_msp.o
                0x0000000008000838                HAL_MspInit
 .text.HAL_TIM_Base_MspInit
                0x0000000008000890       0x90 ./Core/Src/stm32f4xx_hal_msp.o
                0x0000000008000890                HAL_TIM_Base_MspInit
 .text.NMI_Handler
                0x0000000008000920        0x6 ./Core/Src/stm32f4xx_it.o
                0x0000000008000920                NMI_Handler
 .text.HardFault_Handler
                0x0000000008000926        0x6 ./Core/Src/stm32f4xx_it.o
                0x0000000008000926                HardFault_Handler
 .text.MemManage_Handler
                0x000000000800092c        0x6 ./Core/Src/stm32f4xx_it.o
                0x000000000800092c                MemManage_Handler
 .text.BusFault_Handler
                0x0000000008000932        0x6 ./Core/Src/stm32f4xx_it.o
                0x0000000008000932                BusFault_Handler
 .text.UsageFault_Handler
                0x0000000008000938        0x6 ./Core/Src/stm32f4xx_it.o
                0x0000000008000938                UsageFault_Handler
 .text.DebugMon_Handler
                0x000000000800093e        0xe ./Core/Src/stm32f4xx_it.o
                0x000000000800093e                DebugMon_Handler
 .text.SysTick_Handler
                0x000000000800094c       0x1a ./Core/Src/stm32f4xx_it.o
                0x000000000800094c                SysTick_Handler
 *fill*         0x0000000008000966        0x2 
 .text.SystemInit
                0x0000000008000968       0x24 ./Core/Src/system_stm32f4xx.o
                0x0000000008000968                SystemInit
 .text.Reset_Handler
                0x000000000800098c       0x50 ./Core/Startup/startup_stm32f407vetx.o
                0x000000000800098c                Reset_Handler
 .text.Default_Handler
                0x00000000080009dc        0x2 ./Core/Startup/startup_stm32f407vetx.o
                0x00000000080009dc                RTC_Alarm_IRQHandler
                0x00000000080009dc                HASH_RNG_IRQHandler
                0x00000000080009dc                EXTI2_IRQHandler
                0x00000000080009dc                TIM8_CC_IRQHandler
                0x00000000080009dc                TIM1_CC_IRQHandler
                0x00000000080009dc                DMA2_Stream5_IRQHandler
                0x00000000080009dc                DMA1_Stream5_IRQHandler
                0x00000000080009dc                PVD_IRQHandler
                0x00000000080009dc                SDIO_IRQHandler
                0x00000000080009dc                TAMP_STAMP_IRQHandler
                0x00000000080009dc                CAN2_RX1_IRQHandler
                0x00000000080009dc                EXTI3_IRQHandler
                0x00000000080009dc                TIM8_TRG_COM_TIM14_IRQHandler
                0x00000000080009dc                TIM1_UP_TIM10_IRQHandler
                0x00000000080009dc                TIM8_UP_TIM13_IRQHandler
                0x00000000080009dc                I2C3_ER_IRQHandler
                0x00000000080009dc                EXTI0_IRQHandler
                0x00000000080009dc                I2C2_EV_IRQHandler
                0x00000000080009dc                DMA1_Stream2_IRQHandler
                0x00000000080009dc                CAN1_RX0_IRQHandler
                0x00000000080009dc                FPU_IRQHandler
                0x00000000080009dc                OTG_HS_WKUP_IRQHandler
                0x00000000080009dc                CAN2_SCE_IRQHandler
                0x00000000080009dc                DMA2_Stream2_IRQHandler
                0x00000000080009dc                SPI1_IRQHandler
                0x00000000080009dc                TIM6_DAC_IRQHandler
                0x00000000080009dc                TIM1_BRK_TIM9_IRQHandler
                0x00000000080009dc                DCMI_IRQHandler
                0x00000000080009dc                CAN2_RX0_IRQHandler
                0x00000000080009dc                DMA2_Stream3_IRQHandler
                0x00000000080009dc                USART6_IRQHandler
                0x00000000080009dc                USART3_IRQHandler
                0x00000000080009dc                CAN1_RX1_IRQHandler
                0x00000000080009dc                UART5_IRQHandler
                0x00000000080009dc                DMA2_Stream0_IRQHandler
                0x00000000080009dc                TIM4_IRQHandler
                0x00000000080009dc                I2C1_EV_IRQHandler
                0x00000000080009dc                DMA1_Stream6_IRQHandler
                0x00000000080009dc                DMA1_Stream1_IRQHandler
                0x00000000080009dc                UART4_IRQHandler
                0x00000000080009dc                TIM3_IRQHandler
                0x00000000080009dc                RCC_IRQHandler
                0x00000000080009dc                TIM8_BRK_TIM12_IRQHandler
                0x00000000080009dc                Default_Handler
                0x00000000080009dc                EXTI15_10_IRQHandler
                0x00000000080009dc                ADC_IRQHandler
                0x00000000080009dc                DMA1_Stream7_IRQHandler
                0x00000000080009dc                TIM7_IRQHandler
                0x00000000080009dc                CAN2_TX_IRQHandler
                0x00000000080009dc                TIM5_IRQHandler
                0x00000000080009dc                DMA2_Stream7_IRQHandler
                0x00000000080009dc                I2C3_EV_IRQHandler
                0x00000000080009dc                EXTI9_5_IRQHandler
                0x00000000080009dc                RTC_WKUP_IRQHandler
                0x00000000080009dc                ETH_WKUP_IRQHandler
                0x00000000080009dc                SPI2_IRQHandler
                0x00000000080009dc                OTG_HS_EP1_IN_IRQHandler
                0x00000000080009dc                DMA1_Stream0_IRQHandler
                0x00000000080009dc                CAN1_TX_IRQHandler
                0x00000000080009dc                EXTI4_IRQHandler
                0x00000000080009dc                FSMC_IRQHandler
                0x00000000080009dc                ETH_IRQHandler
                0x00000000080009dc                OTG_HS_EP1_OUT_IRQHandler
                0x00000000080009dc                WWDG_IRQHandler
                0x00000000080009dc                TIM2_IRQHandler
                0x00000000080009dc                OTG_FS_WKUP_IRQHandler
                0x00000000080009dc                TIM1_TRG_COM_TIM11_IRQHandler
                0x00000000080009dc                OTG_HS_IRQHandler
                0x00000000080009dc                EXTI1_IRQHandler
                0x00000000080009dc                USART2_IRQHandler
                0x00000000080009dc                I2C2_ER_IRQHandler
                0x00000000080009dc                DMA2_Stream1_IRQHandler
                0x00000000080009dc                CAN1_SCE_IRQHandler
                0x00000000080009dc                FLASH_IRQHandler
                0x00000000080009dc                DMA2_Stream4_IRQHandler
                0x00000000080009dc                USART1_IRQHandler
                0x00000000080009dc                OTG_FS_IRQHandler
                0x00000000080009dc                SPI3_IRQHandler
                0x00000000080009dc                DMA1_Stream4_IRQHandler
                0x00000000080009dc                I2C1_ER_IRQHandler
                0x00000000080009dc                DMA2_Stream6_IRQHandler
                0x00000000080009dc                DMA1_Stream3_IRQHandler
 *fill*         0x00000000080009de        0x2 
 .text.HAL_Init
                0x00000000080009e0       0x44 ./Drivers/STM32F4xx_HAL_Driver/Src/stm32f4xx_hal.o
                0x00000000080009e0                HAL_Init
 .text.HAL_InitTick
                0x0000000008000a24       0x60 ./Drivers/STM32F4xx_HAL_Driver/Src/stm32f4xx_hal.o
                0x0000000008000a24                HAL_InitTick
 .text.HAL_IncTick
                0x0000000008000a84       0x28 ./Drivers/STM32F4xx_HAL_Driver/Src/stm32f4xx_hal.o
                0x0000000008000a84                HAL_IncTick
 .text.HAL_GetTick
                0x0000000008000aac       0x18 ./Drivers/STM32F4xx_HAL_Driver/Src/stm32f4xx_hal.o
                0x0000000008000aac                HAL_GetTick
 .text.HAL_Delay
                0x0000000008000ac4       0x48 ./Drivers/STM32F4xx_HAL_Driver/Src/stm32f4xx_hal.o
                0x0000000008000ac4                HAL_Delay
 .text.__NVIC_SetPriorityGrouping
                0x0000000008000b0c       0x48 ./Drivers/STM32F4xx_HAL_Driver/Src/stm32f4xx_hal_cortex.o
 .text.__NVIC_GetPriorityGrouping
                0x0000000008000b54       0x1c ./Drivers/STM32F4xx_HAL_Driver/Src/stm32f4xx_hal_cortex.o
 .text.__NVIC_SetPriority
                0x0000000008000b70       0x54 ./Drivers/STM32F4xx_HAL_Driver/Src/stm32f4xx_hal_cortex.o
 .text.NVIC_EncodePriority
                0x0000000008000bc4       0x66 ./Drivers/STM32F4xx_HAL_Driver/Src/stm32f4xx_hal_cortex.o
 *fill*         0x0000000008000c2a        0x2 
 .text.SysTick_Config
                0x0000000008000c2c       0x44 ./Drivers/STM32F4xx_HAL_Driver/Src/stm32f4xx_hal_cortex.o
 .text.HAL_NVIC_SetPriorityGrouping
                0x0000000008000c70       0x16 ./Drivers/STM32F4xx_HAL_Driver/Src/stm32f4xx_hal_cortex.o
                0x0000000008000c70                HAL_NVIC_SetPriorityGrouping
 .text.HAL_NVIC_SetPriority
                0x0000000008000c86       0x38 ./Drivers/STM32F4xx_HAL_Driver/Src/stm32f4xx_hal_cortex.o
                0x0000000008000c86                HAL_NVIC_SetPriority
 .text.HAL_SYSTICK_Config
                0x0000000008000cbe       0x18 ./Drivers/STM32F4xx_HAL_Driver/Src/stm32f4xx_hal_cortex.o
                0x0000000008000cbe                HAL_SYSTICK_Config
 *fill*         0x0000000008000cd6        0x2 
 .text.HAL_GPIO_Init
                0x0000000008000cd8      0x338 ./Drivers/STM32F4xx_HAL_Driver/Src/stm32f4xx_hal_gpio.o
                0x0000000008000cd8                HAL_GPIO_Init
 .text.HAL_GPIO_WritePin
                0x0000000008001010       0x32 ./Drivers/STM32F4xx_HAL_Driver/Src/stm32f4xx_hal_gpio.o
                0x0000000008001010                HAL_GPIO_WritePin
 *fill*         0x0000000008001042        0x2 
 .text.HAL_PWR_EnableBkUpAccess
                0x0000000008001044       0x28 ./Drivers/STM32F4xx_HAL_Driver/Src/stm32f4xx_hal_pwr.o
                0x0000000008001044                HAL_PWR_EnableBkUpAccess
 .text.HAL_PWR_DisableBkUpAccess
                0x000000000800106c       0x28 ./Drivers/STM32F4xx_HAL_Driver/Src/stm32f4xx_hal_pwr.o
                0x000000000800106c                HAL_PWR_DisableBkUpAccess
 .text.HAL_RCC_OscConfig
                0x0000000008001094      0x4f0 ./Drivers/STM32F4xx_HAL_Driver/Src/stm32f4xx_hal_rcc.o
                0x0000000008001094                HAL_RCC_OscConfig
 .text.HAL_RCC_ClockConfig
                0x0000000008001584      0x1cc ./Drivers/STM32F4xx_HAL_Driver/Src/stm32f4xx_hal_rcc.o
                0x0000000008001584                HAL_RCC_ClockConfig
 .text.HAL_RCC_GetSysClockFreq
                0x0000000008001750      0x18c ./Drivers/STM32F4xx_HAL_Driver/Src/stm32f4xx_hal_rcc.o
                0x0000000008001750                HAL_RCC_GetSysClockFreq
 .text.HAL_TIM_Base_Init
                0x00000000080018dc       0x9e ./Drivers/STM32F4xx_HAL_Driver/Src/stm32f4xx_hal_tim.o
                0x00000000080018dc                HAL_TIM_Base_Init
 .text.HAL_TIM_OC_Init
                0x000000000800197a       0x9e ./Drivers/STM32F4xx_HAL_Driver/Src/stm32f4xx_hal_tim.o
                0x000000000800197a                HAL_TIM_OC_Init
 .text.HAL_TIM_OC_MspInit
                0x0000000008001a18       0x14 ./Drivers/STM32F4xx_HAL_Driver/Src/stm32f4xx_hal_tim.o
                0x0000000008001a18                HAL_TIM_OC_MspInit
 .text.HAL_TIM_OC_ConfigChannel
                0x0000000008001a2c       0xb8 ./Drivers/STM32F4xx_HAL_Driver/Src/stm32f4xx_hal_tim.o
                0x0000000008001a2c                HAL_TIM_OC_ConfigChannel
 .text.HAL_TIM_ConfigClockSource
                0x0000000008001ae4      0x18e ./Drivers/STM32F4xx_HAL_Driver/Src/stm32f4xx_hal_tim.o
                0x0000000008001ae4                HAL_TIM_ConfigClockSource
 *fill*         0x0000000008001c72        0x2 
 .text.TIM_Base_SetConfig
                0x0000000008001c74      0x140 ./Drivers/STM32F4xx_HAL_Driver/Src/stm32f4xx_hal_tim.o
                0x0000000008001c74                TIM_Base_SetConfig
 .text.TIM_OC1_SetConfig
                0x0000000008001db4       0xe0 ./Drivers/STM32F4xx_HAL_Driver/Src/stm32f4xx_hal_tim.o
 .text.TIM_OC2_SetConfig
                0x0000000008001e94       0xec ./Drivers/STM32F4xx_HAL_Driver/Src/stm32f4xx_hal_tim.o
                0x0000000008001e94                TIM_OC2_SetConfig
 .text.TIM_OC3_SetConfig
                0x0000000008001f80       0xe8 ./Drivers/STM32F4xx_HAL_Driver/Src/stm32f4xx_hal_tim.o
 .text.TIM_OC4_SetConfig
                0x0000000008002068       0xac ./Drivers/STM32F4xx_HAL_Driver/Src/stm32f4xx_hal_tim.o
 .text.TIM_TI1_ConfigInputStage
                0x0000000008002114       0x5e ./Drivers/STM32F4xx_HAL_Driver/Src/stm32f4xx_hal_tim.o
 .text.TIM_TI2_ConfigInputStage
                0x0000000008002172       0x60 ./Drivers/STM32F4xx_HAL_Driver/Src/stm32f4xx_hal_tim.o
 .text.TIM_ITRx_SetConfig
                0x00000000080021d2       0x36 ./Drivers/STM32F4xx_HAL_Driver/Src/stm32f4xx_hal_tim.o
 .text.TIM_ETR_SetConfig
                0x0000000008002208       0x40 ./Drivers/STM32F4xx_HAL_Driver/Src/stm32f4xx_hal_tim.o
                0x0000000008002208                TIM_ETR_SetConfig
 .text.HAL_TIMEx_MasterConfigSynchronization
                0x0000000008002248       0xf8 ./Drivers/STM32F4xx_HAL_Driver/Src/stm32f4xx_hal_tim_ex.o
                0x0000000008002248                HAL_TIMEx_MasterConfigSynchronization
 .text.HAL_TIMEx_ConfigBreakDeadTime
                0x0000000008002340       0xa4 ./Drivers/STM32F4xx_HAL_Driver/Src/stm32f4xx_hal_tim_ex.o
                0x0000000008002340                HAL_TIMEx_ConfigBreakDeadTime
 .text.makeFreeRtosPriority
                0x00000000080023e4       0x30 ./Middlewares/Third_Party/FreeRTOS/Source/CMSIS_RTOS/cmsis_os.o
 .text.osKernelStart
                0x0000000008002414        0xe ./Middlewares/Third_Party/FreeRTOS/Source/CMSIS_RTOS/cmsis_os.o
                0x0000000008002414                osKernelStart
 .text.osThreadCreate
                0x0000000008002422       0x98 ./Middlewares/Third_Party/FreeRTOS/Source/CMSIS_RTOS/cmsis_os.o
                0x0000000008002422                osThreadCreate
 .text.osDelay  0x00000000080024ba       0x28 ./Middlewares/Third_Party/FreeRTOS/Source/CMSIS_RTOS/cmsis_os.o
                0x00000000080024ba                osDelay
 .text.vListInitialise
                0x00000000080024e2       0x40 ./Middlewares/Third_Party/FreeRTOS/Source/list.o
                0x00000000080024e2                vListInitialise
 .text.vListInitialiseItem
                0x0000000008002522       0x1a ./Middlewares/Third_Party/FreeRTOS/Source/list.o
                0x0000000008002522                vListInitialiseItem
 .text.vListInsertEnd
                0x000000000800253c       0x48 ./Middlewares/Third_Party/FreeRTOS/Source/list.o
                0x000000000800253c                vListInsertEnd
 .text.vListInsert
                0x0000000008002584       0x72 ./Middlewares/Third_Party/FreeRTOS/Source/list.o
                0x0000000008002584                vListInsert
 .text.uxListRemove
                0x00000000080025f6       0x54 ./Middlewares/Third_Party/FreeRTOS/Source/list.o
                0x00000000080025f6                uxListRemove
 .text.xTaskCreateStatic
                0x000000000800264a       0xba ./Middlewares/Third_Party/FreeRTOS/Source/tasks.o
                0x000000000800264a                xTaskCreateStatic
 .text.xTaskCreate
                0x0000000008002704       0x8a ./Middlewares/Third_Party/FreeRTOS/Source/tasks.o
                0x0000000008002704                xTaskCreate
 .text.prvInitialiseNewTask
                0x000000000800278e      0x10e ./Middlewares/Third_Party/FreeRTOS/Source/tasks.o
 .text.prvAddNewTaskToReadyList
                0x000000000800289c       0xd4 ./Middlewares/Third_Party/FreeRTOS/Source/tasks.o
 .text.vTaskDelay
                0x0000000008002970       0x68 ./Middlewares/Third_Party/FreeRTOS/Source/tasks.o
                0x0000000008002970                vTaskDelay
 .text.vTaskStartScheduler
                0x00000000080029d8       0xc0 ./Middlewares/Third_Party/FreeRTOS/Source/tasks.o
                0x00000000080029d8                vTaskStartScheduler
 .text.vTaskSuspendAll
                0x0000000008002a98       0x1c ./Middlewares/Third_Party/FreeRTOS/Source/tasks.o
                0x0000000008002a98                vTaskSuspendAll
 .text.xTaskResumeAll
                0x0000000008002ab4      0x138 ./Middlewares/Third_Party/FreeRTOS/Source/tasks.o
                0x0000000008002ab4                xTaskResumeAll
 .text.xTaskIncrementTick
                0x0000000008002bec      0x170 ./Middlewares/Third_Party/FreeRTOS/Source/tasks.o
                0x0000000008002bec                xTaskIncrementTick
 .text.vTaskSwitchContext
                0x0000000008002d5c       0xb8 ./Middlewares/Third_Party/FreeRTOS/Source/tasks.o
                0x0000000008002d5c                vTaskSwitchContext
 .text.prvIdleTask
                0x0000000008002e14       0x30 ./Middlewares/Third_Party/FreeRTOS/Source/tasks.o
 .text.prvInitialiseTaskLists
                0x0000000008002e44       0x80 ./Middlewares/Third_Party/FreeRTOS/Source/tasks.o
 .text.prvCheckTasksWaitingTermination
                0x0000000008002ec4       0x5c ./Middlewares/Third_Party/FreeRTOS/Source/tasks.o
 .text.prvDeleteTCB
                0x0000000008002f20       0x5e ./Middlewares/Third_Party/FreeRTOS/Source/tasks.o
 *fill*         0x0000000008002f7e        0x2 
 .text.prvResetNextTaskUnblockTime
                0x0000000008002f80       0x40 ./Middlewares/Third_Party/FreeRTOS/Source/tasks.o
 .text.xTaskGetSchedulerState
                0x0000000008002fc0       0x3c ./Middlewares/Third_Party/FreeRTOS/Source/tasks.o
                0x0000000008002fc0                xTaskGetSchedulerState
 .text.prvAddCurrentTaskToDelayedList
                0x0000000008002ffc       0xcc ./Middlewares/Third_Party/FreeRTOS/Source/tasks.o
 .text.pxPortInitialiseStack
                0x00000000080030c8       0x68 ./Middlewares/Third_Party/FreeRTOS/Source/portable/GCC/ARM_CM4F/port.o
                0x00000000080030c8                pxPortInitialiseStack
 .text.prvTaskExitError
                0x0000000008003130       0x58 ./Middlewares/Third_Party/FreeRTOS/Source/portable/GCC/ARM_CM4F/port.o
 *fill*         0x0000000008003188        0x8 
 .text.SVC_Handler
                0x0000000008003190       0x28 ./Middlewares/Third_Party/FreeRTOS/Source/portable/GCC/ARM_CM4F/port.o
                0x0000000008003190                SVC_Handler
 .text.prvPortStartFirstTask
                0x00000000080031b8       0x28 ./Middlewares/Third_Party/FreeRTOS/Source/portable/GCC/ARM_CM4F/port.o
 .text.xPortStartScheduler
                0x00000000080031e0      0x144 ./Middlewares/Third_Party/FreeRTOS/Source/portable/GCC/ARM_CM4F/port.o
                0x00000000080031e0                xPortStartScheduler
 .text.vPortEnterCritical
                0x0000000008003324       0x60 ./Middlewares/Third_Party/FreeRTOS/Source/portable/GCC/ARM_CM4F/port.o
                0x0000000008003324                vPortEnterCritical
 .text.vPortExitCritical
                0x0000000008003384       0x54 ./Middlewares/Third_Party/FreeRTOS/Source/portable/GCC/ARM_CM4F/port.o
                0x0000000008003384                vPortExitCritical
 *fill*         0x00000000080033d8        0x8 
 .text.PendSV_Handler
                0x00000000080033e0       0x68 ./Middlewares/Third_Party/FreeRTOS/Source/portable/GCC/ARM_CM4F/port.o
                0x00000000080033e0                PendSV_Handler
 .text.xPortSysTickHandler
                0x0000000008003448       0x44 ./Middlewares/Third_Party/FreeRTOS/Source/portable/GCC/ARM_CM4F/port.o
                0x0000000008003448                xPortSysTickHandler
 .text.vPortSetupTimerInterrupt
                0x000000000800348c       0x48 ./Middlewares/Third_Party/FreeRTOS/Source/portable/GCC/ARM_CM4F/port.o
                0x000000000800348c                vPortSetupTimerInterrupt
 .text.vPortEnableVFP
                0x00000000080034d4       0x14 ./Middlewares/Third_Party/FreeRTOS/Source/portable/GCC/ARM_CM4F/port.o
 .text.pvPortMalloc
                0x00000000080034e8      0x198 ./Middlewares/Third_Party/FreeRTOS/Source/portable/MemMang/heap_4.o
                0x00000000080034e8                pvPortMalloc
 .text.vPortFree
                0x0000000008003680       0xc4 ./Middlewares/Third_Party/FreeRTOS/Source/portable/MemMang/heap_4.o
                0x0000000008003680                vPortFree
 .text.prvHeapInit
                0x0000000008003744       0xc4 ./Middlewares/Third_Party/FreeRTOS/Source/portable/MemMang/heap_4.o
 .text.prvInsertBlockIntoFreeList
                0x0000000008003808       0xb4 ./Middlewares/Third_Party/FreeRTOS/Source/portable/MemMang/heap_4.o
 .text.OLED_Refresh_Gram
                0x00000000080038bc       0x70 ./PeripheralDriver/Src/oled.o
                0x00000000080038bc                OLED_Refresh_Gram
 .text.OLED_WR_Byte
                0x000000000800392c       0x94 ./PeripheralDriver/Src/oled.o
                0x000000000800392c                OLED_WR_Byte
 .text.OLED_Clear
                0x00000000080039c0       0x4c ./PeripheralDriver/Src/oled.o
                0x00000000080039c0                OLED_Clear
 .text.OLED_Init
                0x0000000008003a0c      0x118 ./PeripheralDriver/Src/oled.o
                0x0000000008003a0c                OLED_Init
 .text.__libc_init_array
                0x0000000008003b24       0x48 d:/stm32cubeide_1.10.1/stm32cubeide/plugins/com.st.stm32cube.ide.mcu.externaltools.gnu-tools-for-stm32.10.3-2021.10.win32_1.0.0.202111181127/tools/bin/../lib/gcc/arm-none-eabi/10.3.1/../../../../arm-none-eabi/lib/thumb/v7e-m+fp/hard\libc_nano.a(lib_a-init.o)
                0x0000000008003b24                __libc_init_array
 .text.memset   0x0000000008003b6c       0x10 d:/stm32cubeide_1.10.1/stm32cubeide/plugins/com.st.stm32cube.ide.mcu.externaltools.gnu-tools-for-stm32.10.3-2021.10.win32_1.0.0.202111181127/tools/bin/../lib/gcc/arm-none-eabi/10.3.1/../../../../arm-none-eabi/lib/thumb/v7e-m+fp/hard\libc_nano.a(lib_a-memset.o)
                0x0000000008003b6c                memset
 *(.glue_7)
 .glue_7        0x0000000008003b7c        0x0 linker stubs
 *(.glue_7t)
 .glue_7t       0x0000000008003b7c        0x0 linker stubs
 *(.eh_frame)
 .eh_frame      0x0000000008003b7c        0x0 d:/stm32cubeide_1.10.1/stm32cubeide/plugins/com.st.stm32cube.ide.mcu.externaltools.gnu-tools-for-stm32.10.3-2021.10.win32_1.0.0.202111181127/tools/bin/../lib/gcc/arm-none-eabi/10.3.1/thumb/v7e-m+fp/hard/crtbegin.o
 *(.init)
 .init          0x0000000008003b7c        0x4 d:/stm32cubeide_1.10.1/stm32cubeide/plugins/com.st.stm32cube.ide.mcu.externaltools.gnu-tools-for-stm32.10.3-2021.10.win32_1.0.0.202111181127/tools/bin/../lib/gcc/arm-none-eabi/10.3.1/thumb/v7e-m+fp/hard/crti.o
                0x0000000008003b7c                _init
 .init          0x0000000008003b80        0x8 d:/stm32cubeide_1.10.1/stm32cubeide/plugins/com.st.stm32cube.ide.mcu.externaltools.gnu-tools-for-stm32.10.3-2021.10.win32_1.0.0.202111181127/tools/bin/../lib/gcc/arm-none-eabi/10.3.1/thumb/v7e-m+fp/hard/crtn.o
 *(.fini)
 .fini          0x0000000008003b88        0x4 d:/stm32cubeide_1.10.1/stm32cubeide/plugins/com.st.stm32cube.ide.mcu.externaltools.gnu-tools-for-stm32.10.3-2021.10.win32_1.0.0.202111181127/tools/bin/../lib/gcc/arm-none-eabi/10.3.1/thumb/v7e-m+fp/hard/crti.o
                0x0000000008003b88                _fini
 .fini          0x0000000008003b8c        0x8 d:/stm32cubeide_1.10.1/stm32cubeide/plugins/com.st.stm32cube.ide.mcu.externaltools.gnu-tools-for-stm32.10.3-2021.10.win32_1.0.0.202111181127/tools/bin/../lib/gcc/arm-none-eabi/10.3.1/thumb/v7e-m+fp/hard/crtn.o
                0x0000000008003b94                . = ALIGN (0x4)
                0x0000000008003b94                _etext = .

.vfp11_veneer   0x0000000008003b94        0x0
 .vfp11_veneer  0x0000000008003b94        0x0 linker stubs

.v4_bx          0x0000000008003b94        0x0
 .v4_bx         0x0000000008003b94        0x0 linker stubs

.iplt           0x0000000008003b94        0x0
 .iplt          0x0000000008003b94        0x0 d:/stm32cubeide_1.10.1/stm32cubeide/plugins/com.st.stm32cube.ide.mcu.externaltools.gnu-tools-for-stm32.10.3-2021.10.win32_1.0.0.202111181127/tools/bin/../lib/gcc/arm-none-eabi/10.3.1/thumb/v7e-m+fp/hard/crtbegin.o

.rodata         0x0000000008003b94       0x40
                0x0000000008003b94                . = ALIGN (0x4)
 *(.rodata)
 .rodata        0x0000000008003b94       0x28 ./Core/Src/main.o
 .rodata        0x0000000008003bbc        0x5 ./Middlewares/Third_Party/FreeRTOS/Source/tasks.o
 *(.rodata*)
 *fill*         0x0000000008003bc1        0x3 
 .rodata.AHBPrescTable
                0x0000000008003bc4       0x10 ./Core/Src/system_stm32f4xx.o
                0x0000000008003bc4                AHBPrescTable
                0x0000000008003bd4                . = ALIGN (0x4)

.ARM.extab      0x0000000008003bd4        0x0
                0x0000000008003bd4                . = ALIGN (0x4)
 *(.ARM.extab* .gnu.linkonce.armextab.*)
                0x0000000008003bd4                . = ALIGN (0x4)

.ARM            0x0000000008003bd4        0x8
                0x0000000008003bd4                . = ALIGN (0x4)
                0x0000000008003bd4                __exidx_start = .
 *(.ARM.exidx*)
 .ARM.exidx     0x0000000008003bd4        0x8 d:/stm32cubeide_1.10.1/stm32cubeide/plugins/com.st.stm32cube.ide.mcu.externaltools.gnu-tools-for-stm32.10.3-2021.10.win32_1.0.0.202111181127/tools/bin/../lib/gcc/arm-none-eabi/10.3.1/thumb/v7e-m+fp/hard\libgcc.a(_udivmoddi4.o)
                0x0000000008003bdc                __exidx_end = .
                0x0000000008003bdc                . = ALIGN (0x4)

.rel.dyn        0x0000000008003bdc        0x0
 .rel.iplt      0x0000000008003bdc        0x0 d:/stm32cubeide_1.10.1/stm32cubeide/plugins/com.st.stm32cube.ide.mcu.externaltools.gnu-tools-for-stm32.10.3-2021.10.win32_1.0.0.202111181127/tools/bin/../lib/gcc/arm-none-eabi/10.3.1/thumb/v7e-m+fp/hard/crtbegin.o

.preinit_array  0x0000000008003bdc        0x0
                0x0000000008003bdc                . = ALIGN (0x4)
                0x0000000008003bdc                PROVIDE (__preinit_array_start = .)
 *(.preinit_array*)
                0x0000000008003bdc                PROVIDE (__preinit_array_end = .)
                0x0000000008003bdc                . = ALIGN (0x4)

.init_array     0x0000000008003bdc        0x4
                0x0000000008003bdc                . = ALIGN (0x4)
                0x0000000008003bdc                PROVIDE (__init_array_start = .)
 *(SORT_BY_NAME(.init_array.*))
 *(.init_array*)
 .init_array    0x0000000008003bdc        0x4 d:/stm32cubeide_1.10.1/stm32cubeide/plugins/com.st.stm32cube.ide.mcu.externaltools.gnu-tools-for-stm32.10.3-2021.10.win32_1.0.0.202111181127/tools/bin/../lib/gcc/arm-none-eabi/10.3.1/thumb/v7e-m+fp/hard/crtbegin.o
                0x0000000008003be0                PROVIDE (__init_array_end = .)
                0x0000000008003be0                . = ALIGN (0x4)

.fini_array     0x0000000008003be0        0x4
                0x0000000008003be0                . = ALIGN (0x4)
                [!provide]                        PROVIDE (__fini_array_start = .)
 *(SORT_BY_NAME(.fini_array.*))
 *(.fini_array*)
 .fini_array    0x0000000008003be0        0x4 d:/stm32cubeide_1.10.1/stm32cubeide/plugins/com.st.stm32cube.ide.mcu.externaltools.gnu-tools-for-stm32.10.3-2021.10.win32_1.0.0.202111181127/tools/bin/../lib/gcc/arm-none-eabi/10.3.1/thumb/v7e-m+fp/hard/crtbegin.o
                [!provide]                        PROVIDE (__fini_array_end = .)
                0x0000000008003be4                . = ALIGN (0x4)
                0x0000000008003be4                _sidata = LOADADDR (.data)

.data           0x0000000020000000       0x10 load address 0x0000000008003be4
                0x0000000020000000                . = ALIGN (0x4)
                0x0000000020000000                _sdata = .
 *(.data)
 *(.data*)
 .data.SystemCoreClock
                0x0000000020000000        0x4 ./Core/Src/system_stm32f4xx.o
                0x0000000020000000                SystemCoreClock
 .data.uwTickPrio
                0x0000000020000004        0x4 ./Drivers/STM32F4xx_HAL_Driver/Src/stm32f4xx_hal.o
                0x0000000020000004                uwTickPrio
 .data.uwTickFreq
                0x0000000020000008        0x1 ./Drivers/STM32F4xx_HAL_Driver/Src/stm32f4xx_hal.o
                0x0000000020000008                uwTickFreq
 *fill*         0x0000000020000009        0x3 
 .data.uxCriticalNesting
                0x000000002000000c        0x4 ./Middlewares/Third_Party/FreeRTOS/Source/portable/GCC/ARM_CM4F/port.o
 *(.RamFunc)
 *(.RamFunc*)
                0x0000000020000010                . = ALIGN (0x4)
                0x0000000020000010                _edata = .
                0x0000000008003bf4                _siccmram = LOADADDR (.ccmram)

.igot.plt       0x0000000020000010        0x0 load address 0x0000000008003bf4
 .igot.plt      0x0000000020000010        0x0 d:/stm32cubeide_1.10.1/stm32cubeide/plugins/com.st.stm32cube.ide.mcu.externaltools.gnu-tools-for-stm32.10.3-2021.10.win32_1.0.0.202111181127/tools/bin/../lib/gcc/arm-none-eabi/10.3.1/thumb/v7e-m+fp/hard/crtbegin.o

.ccmram         0x0000000010000000        0x0 load address 0x0000000008003bf4
                0x0000000010000000                . = ALIGN (0x4)
                0x0000000010000000                _sccmram = .
 *(.ccmram)
 *(.ccmram*)
                0x0000000010000000                . = ALIGN (0x4)
                0x0000000010000000                _eccmram = .
                0x0000000010000000                . = ALIGN (0x4)

.bss            0x0000000020000010     0x4414
                0x0000000020000010                _sbss = .
                0x0000000020000010                __bss_start__ = _sbss
 *(.bss)
 .bss           0x0000000020000010       0x1c d:/stm32cubeide_1.10.1/stm32cubeide/plugins/com.st.stm32cube.ide.mcu.externaltools.gnu-tools-for-stm32.10.3-2021.10.win32_1.0.0.202111181127/tools/bin/../lib/gcc/arm-none-eabi/10.3.1/thumb/v7e-m+fp/hard/crtbegin.o
 *(.bss*)
 .bss.xIdleTaskTCBBuffer
                0x000000002000002c       0x54 ./Core/Src/freertos.o
 .bss.xIdleStack
                0x0000000020000080      0x200 ./Core/Src/freertos.o
 .bss.htim8     0x0000000020000280       0x48 ./Core/Src/main.o
                0x0000000020000280                htim8
 .bss.defaultTaskHandle
                0x00000000200002c8        0x4 ./Core/Src/main.o
                0x00000000200002c8                defaultTaskHandle
 .bss.uwTick    0x00000000200002cc        0x4 ./Drivers/STM32F4xx_HAL_Driver/Src/stm32f4xx_hal.o
                0x00000000200002cc                uwTick
 .bss.pxCurrentTCB
                0x00000000200002d0        0x4 ./Middlewares/Third_Party/FreeRTOS/Source/tasks.o
                0x00000000200002d0                pxCurrentTCB
 .bss.pxReadyTasksLists
                0x00000000200002d4       0x8c ./Middlewares/Third_Party/FreeRTOS/Source/tasks.o
 .bss.xDelayedTaskList1
                0x0000000020000360       0x14 ./Middlewares/Third_Party/FreeRTOS/Source/tasks.o
 .bss.xDelayedTaskList2
                0x0000000020000374       0x14 ./Middlewares/Third_Party/FreeRTOS/Source/tasks.o
 .bss.pxDelayedTaskList
                0x0000000020000388        0x4 ./Middlewares/Third_Party/FreeRTOS/Source/tasks.o
 .bss.pxOverflowDelayedTaskList
                0x000000002000038c        0x4 ./Middlewares/Third_Party/FreeRTOS/Source/tasks.o
 .bss.xPendingReadyList
                0x0000000020000390       0x14 ./Middlewares/Third_Party/FreeRTOS/Source/tasks.o
 .bss.xTasksWaitingTermination
                0x00000000200003a4       0x14 ./Middlewares/Third_Party/FreeRTOS/Source/tasks.o
 .bss.uxDeletedTasksWaitingCleanUp
                0x00000000200003b8        0x4 ./Middlewares/Third_Party/FreeRTOS/Source/tasks.o
 .bss.xSuspendedTaskList
                0x00000000200003bc       0x14 ./Middlewares/Third_Party/FreeRTOS/Source/tasks.o
 .bss.uxCurrentNumberOfTasks
                0x00000000200003d0        0x4 ./Middlewares/Third_Party/FreeRTOS/Source/tasks.o
 .bss.xTickCount
                0x00000000200003d4        0x4 ./Middlewares/Third_Party/FreeRTOS/Source/tasks.o
 .bss.uxTopReadyPriority
                0x00000000200003d8        0x4 ./Middlewares/Third_Party/FreeRTOS/Source/tasks.o
 .bss.xSchedulerRunning
                0x00000000200003dc        0x4 ./Middlewares/Third_Party/FreeRTOS/Source/tasks.o
 .bss.xPendedTicks
                0x00000000200003e0        0x4 ./Middlewares/Third_Party/FreeRTOS/Source/tasks.o
 .bss.xYieldPending
                0x00000000200003e4        0x4 ./Middlewares/Third_Party/FreeRTOS/Source/tasks.o
 .bss.xNumOfOverflows
                0x00000000200003e8        0x4 ./Middlewares/Third_Party/FreeRTOS/Source/tasks.o
 .bss.uxTaskNumber
                0x00000000200003ec        0x4 ./Middlewares/Third_Party/FreeRTOS/Source/tasks.o
 .bss.xNextTaskUnblockTime
                0x00000000200003f0        0x4 ./Middlewares/Third_Party/FreeRTOS/Source/tasks.o
 .bss.xIdleTaskHandle
                0x00000000200003f4        0x4 ./Middlewares/Third_Party/FreeRTOS/Source/tasks.o
 .bss.uxSchedulerSuspended
                0x00000000200003f8        0x4 ./Middlewares/Third_Party/FreeRTOS/Source/tasks.o
 .bss.ucMaxSysCallPriority
                0x00000000200003fc        0x1 ./Middlewares/Third_Party/FreeRTOS/Source/portable/GCC/ARM_CM4F/port.o
 *fill*         0x00000000200003fd        0x3 
 .bss.ulMaxPRIGROUPValue
                0x0000000020000400        0x4 ./Middlewares/Third_Party/FreeRTOS/Source/portable/GCC/ARM_CM4F/port.o
 .bss.ucHeap    0x0000000020000404     0x3c00 ./Middlewares/Third_Party/FreeRTOS/Source/portable/MemMang/heap_4.o
 .bss.xStart    0x0000000020004004        0x8 ./Middlewares/Third_Party/FreeRTOS/Source/portable/MemMang/heap_4.o
 .bss.pxEnd     0x000000002000400c        0x4 ./Middlewares/Third_Party/FreeRTOS/Source/portable/MemMang/heap_4.o
 .bss.xFreeBytesRemaining
                0x0000000020004010        0x4 ./Middlewares/Third_Party/FreeRTOS/Source/portable/MemMang/heap_4.o
 .bss.xMinimumEverFreeBytesRemaining
                0x0000000020004014        0x4 ./Middlewares/Third_Party/FreeRTOS/Source/portable/MemMang/heap_4.o
 .bss.xNumberOfSuccessfulAllocations
                0x0000000020004018        0x4 ./Middlewares/Third_Party/FreeRTOS/Source/portable/MemMang/heap_4.o
 .bss.xNumberOfSuccessfulFrees
                0x000000002000401c        0x4 ./Middlewares/Third_Party/FreeRTOS/Source/portable/MemMang/heap_4.o
 .bss.xBlockAllocatedBit
                0x0000000020004020        0x4 ./Middlewares/Third_Party/FreeRTOS/Source/portable/MemMang/heap_4.o
 .bss.OLED_GRAM
                0x0000000020004024      0x400 ./PeripheralDriver/Src/oled.o
                0x0000000020004024                OLED_GRAM
 *(COMMON)
                0x0000000020004424                . = ALIGN (0x4)
                0x0000000020004424                _ebss = .
                0x0000000020004424                __bss_end__ = _ebss

._user_heap_stack
                0x0000000020004424      0x604
                0x0000000020004428                . = ALIGN (0x8)
 *fill*         0x0000000020004424        0x4 
                [!provide]                        PROVIDE (end = .)
                0x0000000020004428                PROVIDE (_end = .)
                0x0000000020004628                . = (. + _Min_Heap_Size)
 *fill*         0x0000000020004428      0x200 
                0x0000000020004a28                . = (. + _Min_Stack_Size)
 *fill*         0x0000000020004628      0x400 
                0x0000000020004a28                . = ALIGN (0x8)

/DISCARD/
 libc.a(*)
 libm.a(*)
 libgcc.a(*)

.ARM.attributes
                0x0000000000000000       0x30
 *(.ARM.attributes)
 .ARM.attributes
                0x0000000000000000       0x1e d:/stm32cubeide_1.10.1/stm32cubeide/plugins/com.st.stm32cube.ide.mcu.externaltools.gnu-tools-for-stm32.10.3-2021.10.win32_1.0.0.202111181127/tools/bin/../lib/gcc/arm-none-eabi/10.3.1/thumb/v7e-m+fp/hard/crti.o
 .ARM.attributes
                0x000000000000001e       0x34 d:/stm32cubeide_1.10.1/stm32cubeide/plugins/com.st.stm32cube.ide.mcu.externaltools.gnu-tools-for-stm32.10.3-2021.10.win32_1.0.0.202111181127/tools/bin/../lib/gcc/arm-none-eabi/10.3.1/thumb/v7e-m+fp/hard/crtbegin.o
 .ARM.attributes
                0x0000000000000052       0x34 ./Core/Src/freertos.o
 .ARM.attributes
                0x0000000000000086       0x34 ./Core/Src/main.o
 .ARM.attributes
                0x00000000000000ba       0x34 ./Core/Src/stm32f4xx_hal_msp.o
 .ARM.attributes
                0x00000000000000ee       0x34 ./Core/Src/stm32f4xx_it.o
 .ARM.attributes
                0x0000000000000122       0x34 ./Core/Src/system_stm32f4xx.o
 .ARM.attributes
                0x0000000000000156       0x21 ./Core/Startup/startup_stm32f407vetx.o
 .ARM.attributes
                0x0000000000000177       0x34 ./Drivers/STM32F4xx_HAL_Driver/Src/stm32f4xx_hal.o
 .ARM.attributes
                0x00000000000001ab       0x34 ./Drivers/STM32F4xx_HAL_Driver/Src/stm32f4xx_hal_cortex.o
 .ARM.attributes
                0x00000000000001df       0x34 ./Drivers/STM32F4xx_HAL_Driver/Src/stm32f4xx_hal_gpio.o
 .ARM.attributes
                0x0000000000000213       0x34 ./Drivers/STM32F4xx_HAL_Driver/Src/stm32f4xx_hal_pwr.o
 .ARM.attributes
                0x0000000000000247       0x34 ./Drivers/STM32F4xx_HAL_Driver/Src/stm32f4xx_hal_rcc.o
 .ARM.attributes
                0x000000000000027b       0x34 ./Drivers/STM32F4xx_HAL_Driver/Src/stm32f4xx_hal_tim.o
 .ARM.attributes
                0x00000000000002af       0x34 ./Drivers/STM32F4xx_HAL_Driver/Src/stm32f4xx_hal_tim_ex.o
 .ARM.attributes
                0x00000000000002e3       0x34 ./Middlewares/Third_Party/FreeRTOS/Source/CMSIS_RTOS/cmsis_os.o
 .ARM.attributes
                0x0000000000000317       0x34 ./Middlewares/Third_Party/FreeRTOS/Source/list.o
 .ARM.attributes
                0x000000000000034b       0x34 ./Middlewares/Third_Party/FreeRTOS/Source/tasks.o
 .ARM.attributes
                0x000000000000037f       0x34 ./Middlewares/Third_Party/FreeRTOS/Source/portable/GCC/ARM_CM4F/port.o
 .ARM.attributes
                0x00000000000003b3       0x34 ./Middlewares/Third_Party/FreeRTOS/Source/portable/MemMang/heap_4.o
 .ARM.attributes
                0x00000000000003e7       0x34 ./PeripheralDriver/Src/oled.o
 .ARM.attributes
                0x000000000000041b       0x34 d:/stm32cubeide_1.10.1/stm32cubeide/plugins/com.st.stm32cube.ide.mcu.externaltools.gnu-tools-for-stm32.10.3-2021.10.win32_1.0.0.202111181127/tools/bin/../lib/gcc/arm-none-eabi/10.3.1/../../../../arm-none-eabi/lib/thumb/v7e-m+fp/hard\libc_nano.a(lib_a-init.o)
 .ARM.attributes
                0x000000000000044f       0x34 d:/stm32cubeide_1.10.1/stm32cubeide/plugins/com.st.stm32cube.ide.mcu.externaltools.gnu-tools-for-stm32.10.3-2021.10.win32_1.0.0.202111181127/tools/bin/../lib/gcc/arm-none-eabi/10.3.1/../../../../arm-none-eabi/lib/thumb/v7e-m+fp/hard\libc_nano.a(lib_a-memset.o)
 .ARM.attributes
                0x0000000000000483       0x1e d:/stm32cubeide_1.10.1/stm32cubeide/plugins/com.st.stm32cube.ide.mcu.externaltools.gnu-tools-for-stm32.10.3-2021.10.win32_1.0.0.202111181127/tools/bin/../lib/gcc/arm-none-eabi/10.3.1/thumb/v7e-m+fp/hard\libgcc.a(_aeabi_uldivmod.o)
 .ARM.attributes
                0x00000000000004a1       0x34 d:/stm32cubeide_1.10.1/stm32cubeide/plugins/com.st.stm32cube.ide.mcu.externaltools.gnu-tools-for-stm32.10.3-2021.10.win32_1.0.0.202111181127/tools/bin/../lib/gcc/arm-none-eabi/10.3.1/thumb/v7e-m+fp/hard\libgcc.a(_udivmoddi4.o)
 .ARM.attributes
                0x00000000000004d5       0x1e d:/stm32cubeide_1.10.1/stm32cubeide/plugins/com.st.stm32cube.ide.mcu.externaltools.gnu-tools-for-stm32.10.3-2021.10.win32_1.0.0.202111181127/tools/bin/../lib/gcc/arm-none-eabi/10.3.1/thumb/v7e-m+fp/hard\libgcc.a(_dvmd_tls.o)
 .ARM.attributes
                0x00000000000004f3       0x1e d:/stm32cubeide_1.10.1/stm32cubeide/plugins/com.st.stm32cube.ide.mcu.externaltools.gnu-tools-for-stm32.10.3-2021.10.win32_1.0.0.202111181127/tools/bin/../lib/gcc/arm-none-eabi/10.3.1/thumb/v7e-m+fp/hard/crtn.o
OUTPUT(mdp.elf elf32-littlearm)
LOAD linker stubs
LOAD d:/stm32cubeide_1.10.1/stm32cubeide/plugins/com.st.stm32cube.ide.mcu.externaltools.gnu-tools-for-stm32.10.3-2021.10.win32_1.0.0.202111181127/tools/bin/../lib/gcc/arm-none-eabi/10.3.1/../../../../arm-none-eabi/lib/thumb/v7e-m+fp/hard\libc.a
LOAD d:/stm32cubeide_1.10.1/stm32cubeide/plugins/com.st.stm32cube.ide.mcu.externaltools.gnu-tools-for-stm32.10.3-2021.10.win32_1.0.0.202111181127/tools/bin/../lib/gcc/arm-none-eabi/10.3.1/../../../../arm-none-eabi/lib/thumb/v7e-m+fp/hard\libm.a
LOAD d:/stm32cubeide_1.10.1/stm32cubeide/plugins/com.st.stm32cube.ide.mcu.externaltools.gnu-tools-for-stm32.10.3-2021.10.win32_1.0.0.202111181127/tools/bin/../lib/gcc/arm-none-eabi/10.3.1/thumb/v7e-m+fp/hard\libgcc.a

.debug_info     0x0000000000000000     0xe7ef
 .debug_info    0x0000000000000000      0x294 ./Core/Src/freertos.o
 .debug_info    0x0000000000000294     0x12dc ./Core/Src/main.o
 .debug_info    0x0000000000001570      0xcba ./Core/Src/stm32f4xx_hal_msp.o
 .debug_info    0x000000000000222a      0x125 ./Core/Src/stm32f4xx_it.o
 .debug_info    0x000000000000234f      0x523 ./Core/Src/system_stm32f4xx.o
 .debug_info    0x0000000000002872       0x22 ./Core/Startup/startup_stm32f407vetx.o
 .debug_info    0x0000000000002894      0x97c ./Drivers/STM32F4xx_HAL_Driver/Src/stm32f4xx_hal.o
 .debug_info    0x0000000000003210      0xe1b ./Drivers/STM32F4xx_HAL_Driver/Src/stm32f4xx_hal_cortex.o
 .debug_info    0x000000000000402b      0x76a ./Drivers/STM32F4xx_HAL_Driver/Src/stm32f4xx_hal_gpio.o
 .debug_info    0x0000000000004795      0x72d ./Drivers/STM32F4xx_HAL_Driver/Src/stm32f4xx_hal_pwr.o
 .debug_info    0x0000000000004ec2      0x966 ./Drivers/STM32F4xx_HAL_Driver/Src/stm32f4xx_hal_rcc.o
 .debug_info    0x0000000000005828     0x2bbe ./Drivers/STM32F4xx_HAL_Driver/Src/stm32f4xx_hal_tim.o
 .debug_info    0x00000000000083e6     0x15e0 ./Drivers/STM32F4xx_HAL_Driver/Src/stm32f4xx_hal_tim_ex.o
 .debug_info    0x00000000000099c6     0x1c41 ./Middlewares/Third_Party/FreeRTOS/Source/CMSIS_RTOS/cmsis_os.o
 .debug_info    0x000000000000b607      0x2d1 ./Middlewares/Third_Party/FreeRTOS/Source/list.o
 .debug_info    0x000000000000b8d8     0x1de4 ./Middlewares/Third_Party/FreeRTOS/Source/tasks.o
 .debug_info    0x000000000000d6bc      0x507 ./Middlewares/Third_Party/FreeRTOS/Source/portable/GCC/ARM_CM4F/port.o
 .debug_info    0x000000000000dbc3      0x50b ./Middlewares/Third_Party/FreeRTOS/Source/portable/MemMang/heap_4.o
 .debug_info    0x000000000000e0ce      0x721 ./PeripheralDriver/Src/oled.o

.debug_abbrev   0x0000000000000000     0x2537
 .debug_abbrev  0x0000000000000000       0xcd ./Core/Src/freertos.o
 .debug_abbrev  0x00000000000000cd      0x2e9 ./Core/Src/main.o
 .debug_abbrev  0x00000000000003b6      0x1c5 ./Core/Src/stm32f4xx_hal_msp.o
 .debug_abbrev  0x000000000000057b       0x98 ./Core/Src/stm32f4xx_it.o
 .debug_abbrev  0x0000000000000613      0x116 ./Core/Src/system_stm32f4xx.o
 .debug_abbrev  0x0000000000000729       0x12 ./Core/Startup/startup_stm32f407vetx.o
 .debug_abbrev  0x000000000000073b      0x20d ./Drivers/STM32F4xx_HAL_Driver/Src/stm32f4xx_hal.o
 .debug_abbrev  0x0000000000000948      0x316 ./Drivers/STM32F4xx_HAL_Driver/Src/stm32f4xx_hal_cortex.o
 .debug_abbrev  0x0000000000000c5e      0x1c4 ./Drivers/STM32F4xx_HAL_Driver/Src/stm32f4xx_hal_gpio.o
 .debug_abbrev  0x0000000000000e22      0x192 ./Drivers/STM32F4xx_HAL_Driver/Src/stm32f4xx_hal_pwr.o
 .debug_abbrev  0x0000000000000fb4      0x2aa ./Drivers/STM32F4xx_HAL_Driver/Src/stm32f4xx_hal_rcc.o
 .debug_abbrev  0x000000000000125e      0x25d ./Drivers/STM32F4xx_HAL_Driver/Src/stm32f4xx_hal_tim.o
 .debug_abbrev  0x00000000000014bb      0x265 ./Drivers/STM32F4xx_HAL_Driver/Src/stm32f4xx_hal_tim_ex.o
 .debug_abbrev  0x0000000000001720      0x39b ./Middlewares/Third_Party/FreeRTOS/Source/CMSIS_RTOS/cmsis_os.o
 .debug_abbrev  0x0000000000001abb       0xf2 ./Middlewares/Third_Party/FreeRTOS/Source/list.o
 .debug_abbrev  0x0000000000001bad      0x34e ./Middlewares/Third_Party/FreeRTOS/Source/tasks.o
 .debug_abbrev  0x0000000000001efb      0x259 ./Middlewares/Third_Party/FreeRTOS/Source/portable/GCC/ARM_CM4F/port.o
 .debug_abbrev  0x0000000000002154      0x212 ./Middlewares/Third_Party/FreeRTOS/Source/portable/MemMang/heap_4.o
 .debug_abbrev  0x0000000000002366      0x1d1 ./PeripheralDriver/Src/oled.o

.debug_aranges  0x0000000000000000      0xf10
 .debug_aranges
                0x0000000000000000       0x20 ./Core/Src/freertos.o
 .debug_aranges
                0x0000000000000020       0x48 ./Core/Src/main.o
 .debug_aranges
                0x0000000000000068       0x30 ./Core/Src/stm32f4xx_hal_msp.o
 .debug_aranges
                0x0000000000000098       0x50 ./Core/Src/stm32f4xx_it.o
 .debug_aranges
                0x00000000000000e8       0x28 ./Core/Src/system_stm32f4xx.o
 .debug_aranges
                0x0000000000000110       0x28 ./Core/Startup/startup_stm32f407vetx.o
 .debug_aranges
                0x0000000000000138       0xf0 ./Drivers/STM32F4xx_HAL_Driver/Src/stm32f4xx_hal.o
 .debug_aranges
                0x0000000000000228      0x118 ./Drivers/STM32F4xx_HAL_Driver/Src/stm32f4xx_hal_cortex.o
 .debug_aranges
                0x0000000000000340       0x58 ./Drivers/STM32F4xx_HAL_Driver/Src/stm32f4xx_hal_gpio.o
 .debug_aranges
                0x0000000000000398       0xa0 ./Drivers/STM32F4xx_HAL_Driver/Src/stm32f4xx_hal_pwr.o
 .debug_aranges
                0x0000000000000438       0x88 ./Drivers/STM32F4xx_HAL_Driver/Src/stm32f4xx_hal_rcc.o
 .debug_aranges
                0x00000000000004c0      0x3d0 ./Drivers/STM32F4xx_HAL_Driver/Src/stm32f4xx_hal_tim.o
 .debug_aranges
                0x0000000000000890      0x168 ./Drivers/STM32F4xx_HAL_Driver/Src/stm32f4xx_hal_tim_ex.o
 .debug_aranges
                0x00000000000009f8      0x1d8 ./Middlewares/Third_Party/FreeRTOS/Source/CMSIS_RTOS/cmsis_os.o
 .debug_aranges
                0x0000000000000bd0       0x40 ./Middlewares/Third_Party/FreeRTOS/Source/list.o
 .debug_aranges
                0x0000000000000c10      0x1b8 ./Middlewares/Third_Party/FreeRTOS/Source/tasks.o
 .debug_aranges
                0x0000000000000dc8       0x80 ./Middlewares/Third_Party/FreeRTOS/Source/portable/GCC/ARM_CM4F/port.o
 .debug_aranges
                0x0000000000000e48       0x58 ./Middlewares/Third_Party/FreeRTOS/Source/portable/MemMang/heap_4.o
 .debug_aranges
                0x0000000000000ea0       0x70 ./PeripheralDriver/Src/oled.o

.debug_ranges   0x0000000000000000      0xde8
 .debug_ranges  0x0000000000000000       0x10 ./Core/Src/freertos.o
 .debug_ranges  0x0000000000000010       0x38 ./Core/Src/main.o
 .debug_ranges  0x0000000000000048       0x20 ./Core/Src/stm32f4xx_hal_msp.o
 .debug_ranges  0x0000000000000068       0x40 ./Core/Src/stm32f4xx_it.o
 .debug_ranges  0x00000000000000a8       0x18 ./Core/Src/system_stm32f4xx.o
 .debug_ranges  0x00000000000000c0       0x20 ./Core/Startup/startup_stm32f407vetx.o
 .debug_ranges  0x00000000000000e0       0xe0 ./Drivers/STM32F4xx_HAL_Driver/Src/stm32f4xx_hal.o
 .debug_ranges  0x00000000000001c0      0x108 ./Drivers/STM32F4xx_HAL_Driver/Src/stm32f4xx_hal_cortex.o
 .debug_ranges  0x00000000000002c8       0x48 ./Drivers/STM32F4xx_HAL_Driver/Src/stm32f4xx_hal_gpio.o
 .debug_ranges  0x0000000000000310       0x90 ./Drivers/STM32F4xx_HAL_Driver/Src/stm32f4xx_hal_pwr.o
 .debug_ranges  0x00000000000003a0       0x78 ./Drivers/STM32F4xx_HAL_Driver/Src/stm32f4xx_hal_rcc.o
 .debug_ranges  0x0000000000000418      0x3c0 ./Drivers/STM32F4xx_HAL_Driver/Src/stm32f4xx_hal_tim.o
 .debug_ranges  0x00000000000007d8      0x158 ./Drivers/STM32F4xx_HAL_Driver/Src/stm32f4xx_hal_tim_ex.o
 .debug_ranges  0x0000000000000930      0x1c8 ./Middlewares/Third_Party/FreeRTOS/Source/CMSIS_RTOS/cmsis_os.o
 .debug_ranges  0x0000000000000af8       0x30 ./Middlewares/Third_Party/FreeRTOS/Source/list.o
 .debug_ranges  0x0000000000000b28      0x1a8 ./Middlewares/Third_Party/FreeRTOS/Source/tasks.o
 .debug_ranges  0x0000000000000cd0       0x70 ./Middlewares/Third_Party/FreeRTOS/Source/portable/GCC/ARM_CM4F/port.o
 .debug_ranges  0x0000000000000d40       0x48 ./Middlewares/Third_Party/FreeRTOS/Source/portable/MemMang/heap_4.o
 .debug_ranges  0x0000000000000d88       0x60 ./PeripheralDriver/Src/oled.o

.debug_macro    0x0000000000000000    0x21b76
 .debug_macro   0x0000000000000000      0x23b ./Core/Src/freertos.o
 .debug_macro   0x000000000000023b      0xa78 ./Core/Src/freertos.o
 .debug_macro   0x0000000000000cb3      0x174 ./Core/Src/freertos.o
 .debug_macro   0x0000000000000e27       0x22 ./Core/Src/freertos.o
 .debug_macro   0x0000000000000e49       0x8e ./Core/Src/freertos.o
 .debug_macro   0x0000000000000ed7       0x51 ./Core/Src/freertos.o
 .debug_macro   0x0000000000000f28      0x103 ./Core/Src/freertos.o
 .debug_macro   0x000000000000102b       0x6a ./Core/Src/freertos.o
 .debug_macro   0x0000000000001095      0x1df ./Core/Src/freertos.o
 .debug_macro   0x0000000000001274       0xe4 ./Core/Src/freertos.o
 .debug_macro   0x0000000000001358      0x15a ./Core/Src/freertos.o
 .debug_macro   0x00000000000014b2       0xde ./Core/Src/freertos.o
 .debug_macro   0x0000000000001590       0x1c ./Core/Src/freertos.o
 .debug_macro   0x00000000000015ac       0x26 ./Core/Src/freertos.o
 .debug_macro   0x00000000000015d2      0x504 ./Core/Src/freertos.o
 .debug_macro   0x0000000000001ad6       0xb5 ./Core/Src/freertos.o
 .debug_macro   0x0000000000001b8b       0xaa ./Core/Src/freertos.o
 .debug_macro   0x0000000000001c35      0x295 ./Core/Src/freertos.o
 .debug_macro   0x0000000000001eca       0x2e ./Core/Src/freertos.o
 .debug_macro   0x0000000000001ef8       0x2f ./Core/Src/freertos.o
 .debug_macro   0x0000000000001f27       0x1c ./Core/Src/freertos.o
 .debug_macro   0x0000000000001f43       0x22 ./Core/Src/freertos.o
 .debug_macro   0x0000000000001f65       0xd9 ./Core/Src/freertos.o
 .debug_macro   0x000000000000203e     0x102d ./Core/Src/freertos.o
 .debug_macro   0x000000000000306b      0x11f ./Core/Src/freertos.o
 .debug_macro   0x000000000000318a    0x15e82 ./Core/Src/freertos.o
 .debug_macro   0x000000000001900c       0x6d ./Core/Src/freertos.o
 .debug_macro   0x0000000000019079     0x367e ./Core/Src/freertos.o
 .debug_macro   0x000000000001c6f7       0x5c ./Core/Src/freertos.o
 .debug_macro   0x000000000001c753      0x96b ./Core/Src/freertos.o
 .debug_macro   0x000000000001d0be      0x9fe ./Core/Src/freertos.o
 .debug_macro   0x000000000001dabc      0x115 ./Core/Src/freertos.o
 .debug_macro   0x000000000001dbd1      0x13e ./Core/Src/freertos.o
 .debug_macro   0x000000000001dd0f       0xa5 ./Core/Src/freertos.o
 .debug_macro   0x000000000001ddb4      0x174 ./Core/Src/freertos.o
 .debug_macro   0x000000000001df28      0x287 ./Core/Src/freertos.o
 .debug_macro   0x000000000001e1af       0x5f ./Core/Src/freertos.o
 .debug_macro   0x000000000001e20e      0x236 ./Core/Src/freertos.o
 .debug_macro   0x000000000001e444      0x12c ./Core/Src/freertos.o
 .debug_macro   0x000000000001e570      0x21e ./Core/Src/freertos.o
 .debug_macro   0x000000000001e78e       0x2e ./Core/Src/freertos.o
 .debug_macro   0x000000000001e7bc      0x11a ./Core/Src/freertos.o
 .debug_macro   0x000000000001e8d6       0x7e ./Core/Src/freertos.o
 .debug_macro   0x000000000001e954       0x89 ./Core/Src/freertos.o
 .debug_macro   0x000000000001e9dd      0x8e6 ./Core/Src/freertos.o
 .debug_macro   0x000000000001f2c3       0x47 ./Core/Src/freertos.o
 .debug_macro   0x000000000001f30a      0x12d ./Core/Src/freertos.o
 .debug_macro   0x000000000001f437       0x64 ./Core/Src/freertos.o
 .debug_macro   0x000000000001f49b      0x28f ./Core/Src/main.o
 .debug_macro   0x000000000001f72a       0xe4 ./Core/Src/main.o
 .debug_macro   0x000000000001f80e       0x91 ./Core/Src/main.o
 .debug_macro   0x000000000001f89f       0x8d ./Core/Src/main.o
 .debug_macro   0x000000000001f92c       0x7e ./Core/Src/main.o
 .debug_macro   0x000000000001f9aa       0x19 ./Core/Src/main.o
 .debug_macro   0x000000000001f9c3       0xf2 ./Core/Src/main.o
 .debug_macro   0x000000000001fab5       0x76 ./Core/Src/main.o
 .debug_macro   0x000000000001fb2b      0x1d3 ./Core/Src/stm32f4xx_hal_msp.o
 .debug_macro   0x000000000001fcfe      0x245 ./Core/Src/stm32f4xx_it.o
 .debug_macro   0x000000000001ff43      0x1c4 ./Core/Src/system_stm32f4xx.o
 .debug_macro   0x0000000000020107      0x224 ./Drivers/STM32F4xx_HAL_Driver/Src/stm32f4xx_hal.o
 .debug_macro   0x000000000002032b      0x1c4 ./Drivers/STM32F4xx_HAL_Driver/Src/stm32f4xx_hal_cortex.o
 .debug_macro   0x00000000000204ef      0x1ca ./Drivers/STM32F4xx_HAL_Driver/Src/stm32f4xx_hal_gpio.o
 .debug_macro   0x00000000000206b9      0x1dc ./Drivers/STM32F4xx_HAL_Driver/Src/stm32f4xx_hal_pwr.o
 .debug_macro   0x0000000000020895      0x1e8 ./Drivers/STM32F4xx_HAL_Driver/Src/stm32f4xx_hal_rcc.o
 .debug_macro   0x0000000000020a7d      0x1c5 ./Drivers/STM32F4xx_HAL_Driver/Src/stm32f4xx_hal_tim.o
 .debug_macro   0x0000000000020c42      0x1c4 ./Drivers/STM32F4xx_HAL_Driver/Src/stm32f4xx_hal_tim_ex.o
 .debug_macro   0x0000000000020e06      0x1fe ./Middlewares/Third_Party/FreeRTOS/Source/CMSIS_RTOS/cmsis_os.o
 .debug_macro   0x0000000000021004       0x10 ./Middlewares/Third_Party/FreeRTOS/Source/CMSIS_RTOS/cmsis_os.o
 .debug_macro   0x0000000000021014       0x20 ./Middlewares/Third_Party/FreeRTOS/Source/CMSIS_RTOS/cmsis_os.o
 .debug_macro   0x0000000000021034       0xc7 ./Middlewares/Third_Party/FreeRTOS/Source/CMSIS_RTOS/cmsis_os.o
 .debug_macro   0x00000000000210fb      0x187 ./Middlewares/Third_Party/FreeRTOS/Source/list.o
 .debug_macro   0x0000000000021282      0x279 ./Middlewares/Third_Party/FreeRTOS/Source/tasks.o
 .debug_macro   0x00000000000214fb       0x10 ./Middlewares/Third_Party/FreeRTOS/Source/tasks.o
 .debug_macro   0x000000000002150b      0x196 ./Middlewares/Third_Party/FreeRTOS/Source/portable/GCC/ARM_CM4F/port.o
 .debug_macro   0x00000000000216a1      0x1ae ./Middlewares/Third_Party/FreeRTOS/Source/portable/MemMang/heap_4.o
 .debug_macro   0x000000000002184f      0x2b7 ./PeripheralDriver/Src/oled.o
 .debug_macro   0x0000000000021b06       0x70 ./PeripheralDriver/Src/oled.o

.debug_line     0x0000000000000000     0xfb74
 .debug_line    0x0000000000000000      0x796 ./Core/Src/freertos.o
 .debug_line    0x0000000000000796      0x9a8 ./Core/Src/main.o
 .debug_line    0x000000000000113e      0x6e6 ./Core/Src/stm32f4xx_hal_msp.o
 .debug_line    0x0000000000001824      0x840 ./Core/Src/stm32f4xx_it.o
 .debug_line    0x0000000000002064      0x719 ./Core/Src/system_stm32f4xx.o
 .debug_line    0x000000000000277d       0x88 ./Core/Startup/startup_stm32f407vetx.o
 .debug_line    0x0000000000002805      0x97f ./Drivers/STM32F4xx_HAL_Driver/Src/stm32f4xx_hal.o
 .debug_line    0x0000000000003184      0xc2e ./Drivers/STM32F4xx_HAL_Driver/Src/stm32f4xx_hal_cortex.o
 .debug_line    0x0000000000003db2      0xaf3 ./Drivers/STM32F4xx_HAL_Driver/Src/stm32f4xx_hal_gpio.o
 .debug_line    0x00000000000048a5      0x88b ./Drivers/STM32F4xx_HAL_Driver/Src/stm32f4xx_hal_pwr.o
 .debug_line    0x0000000000005130      0xcf9 ./Drivers/STM32F4xx_HAL_Driver/Src/stm32f4xx_hal_rcc.o
 .debug_line    0x0000000000005e29     0x3673 ./Drivers/STM32F4xx_HAL_Driver/Src/stm32f4xx_hal_tim.o
 .debug_line    0x000000000000949c     0x197c ./Drivers/STM32F4xx_HAL_Driver/Src/stm32f4xx_hal_tim_ex.o
 .debug_line    0x000000000000ae18     0x11b3 ./Middlewares/Third_Party/FreeRTOS/Source/CMSIS_RTOS/cmsis_os.o
 .debug_line    0x000000000000bfcb      0x6ee ./Middlewares/Third_Party/FreeRTOS/Source/list.o
 .debug_line    0x000000000000c6b9     0x18fe ./Middlewares/Third_Party/FreeRTOS/Source/tasks.o
 .debug_line    0x000000000000dfb7      0x798 ./Middlewares/Third_Party/FreeRTOS/Source/portable/GCC/ARM_CM4F/port.o
 .debug_line    0x000000000000e74f      0x918 ./Middlewares/Third_Party/FreeRTOS/Source/portable/MemMang/heap_4.o
 .debug_line    0x000000000000f067      0xb0d ./PeripheralDriver/Src/oled.o

.debug_str      0x0000000000000000    0xd06ab
 .debug_str     0x0000000000000000    0xc5671 ./Core/Src/freertos.o
                                      0xc591f (size before relaxing)
 .debug_str     0x00000000000c5671     0x30b6 ./Core/Src/main.o
                                      0xc8a0b (size before relaxing)
 .debug_str     0x00000000000c8727      0x562 ./Core/Src/stm32f4xx_hal_msp.o
                                      0xc263d (size before relaxing)
 .debug_str     0x00000000000c8c89       0xd9 ./Core/Src/stm32f4xx_it.o
                                      0xc5880 (size before relaxing)
 .debug_str     0x00000000000c8d62       0xdb ./Core/Src/system_stm32f4xx.o
                                      0xc1a76 (size before relaxing)
 .debug_str     0x00000000000c8e3d       0x36 ./Core/Startup/startup_stm32f407vetx.o
                                         0x4b (size before relaxing)
 .debug_str     0x00000000000c8e73      0x617 ./Drivers/STM32F4xx_HAL_Driver/Src/stm32f4xx_hal.o
                                      0xc25fa (size before relaxing)
 .debug_str     0x00000000000c948a      0x344 ./Drivers/STM32F4xx_HAL_Driver/Src/stm32f4xx_hal_cortex.o
                                      0xc232d (size before relaxing)
 .debug_str     0x00000000000c97ce      0x121 ./Drivers/STM32F4xx_HAL_Driver/Src/stm32f4xx_hal_gpio.o
                                      0xc1bf1 (size before relaxing)
 .debug_str     0x00000000000c98ef      0x268 ./Drivers/STM32F4xx_HAL_Driver/Src/stm32f4xx_hal_pwr.o
                                      0xc1cac (size before relaxing)
 .debug_str     0x00000000000c9b57      0x233 ./Drivers/STM32F4xx_HAL_Driver/Src/stm32f4xx_hal_rcc.o
                                      0xc1eaa (size before relaxing)
 .debug_str     0x00000000000c9d8a      0xd98 ./Drivers/STM32F4xx_HAL_Driver/Src/stm32f4xx_hal_tim.o
                                      0xc2df0 (size before relaxing)
 .debug_str     0x00000000000cab22      0x3e1 ./Drivers/STM32F4xx_HAL_Driver/Src/stm32f4xx_hal_tim_ex.o
                                      0xc260c (size before relaxing)
 .debug_str     0x00000000000caf03     0x38ab ./Middlewares/Third_Party/FreeRTOS/Source/CMSIS_RTOS/cmsis_os.o
                                       0xe334 (size before relaxing)
 .debug_str     0x00000000000ce7ae      0x20f ./Middlewares/Third_Party/FreeRTOS/Source/list.o
                                       0xa633 (size before relaxing)
 .debug_str     0x00000000000ce9bd     0x1126 ./Middlewares/Third_Party/FreeRTOS/Source/tasks.o
                                       0xc99e (size before relaxing)
 .debug_str     0x00000000000cfae3      0x783 ./Middlewares/Third_Party/FreeRTOS/Source/portable/GCC/ARM_CM4F/port.o
                                       0x85a4 (size before relaxing)
 .debug_str     0x00000000000d0266      0x32d ./Middlewares/Third_Party/FreeRTOS/Source/portable/MemMang/heap_4.o
                                       0xaf75 (size before relaxing)
 .debug_str     0x00000000000d0593      0x118 ./PeripheralDriver/Src/oled.o
                                      0xc4d22 (size before relaxing)

.comment        0x0000000000000000       0x50
 .comment       0x0000000000000000       0x50 ./Core/Src/freertos.o
                                         0x51 (size before relaxing)
 .comment       0x0000000000000050       0x51 ./Core/Src/main.o
 .comment       0x0000000000000050       0x51 ./Core/Src/stm32f4xx_hal_msp.o
 .comment       0x0000000000000050       0x51 ./Core/Src/stm32f4xx_it.o
 .comment       0x0000000000000050       0x51 ./Core/Src/system_stm32f4xx.o
 .comment       0x0000000000000050       0x51 ./Drivers/STM32F4xx_HAL_Driver/Src/stm32f4xx_hal.o
 .comment       0x0000000000000050       0x51 ./Drivers/STM32F4xx_HAL_Driver/Src/stm32f4xx_hal_cortex.o
 .comment       0x0000000000000050       0x51 ./Drivers/STM32F4xx_HAL_Driver/Src/stm32f4xx_hal_gpio.o
 .comment       0x0000000000000050       0x51 ./Drivers/STM32F4xx_HAL_Driver/Src/stm32f4xx_hal_pwr.o
 .comment       0x0000000000000050       0x51 ./Drivers/STM32F4xx_HAL_Driver/Src/stm32f4xx_hal_rcc.o
 .comment       0x0000000000000050       0x51 ./Drivers/STM32F4xx_HAL_Driver/Src/stm32f4xx_hal_tim.o
 .comment       0x0000000000000050       0x51 ./Drivers/STM32F4xx_HAL_Driver/Src/stm32f4xx_hal_tim_ex.o
 .comment       0x0000000000000050       0x51 ./Middlewares/Third_Party/FreeRTOS/Source/CMSIS_RTOS/cmsis_os.o
 .comment       0x0000000000000050       0x51 ./Middlewares/Third_Party/FreeRTOS/Source/list.o
 .comment       0x0000000000000050       0x51 ./Middlewares/Third_Party/FreeRTOS/Source/tasks.o
 .comment       0x0000000000000050       0x51 ./Middlewares/Third_Party/FreeRTOS/Source/portable/GCC/ARM_CM4F/port.o
 .comment       0x0000000000000050       0x51 ./Middlewares/Third_Party/FreeRTOS/Source/portable/MemMang/heap_4.o
 .comment       0x0000000000000050       0x51 ./PeripheralDriver/Src/oled.o

.debug_frame    0x0000000000000000     0x3dc8
 .debug_frame   0x0000000000000000       0x38 ./Core/Src/freertos.o
 .debug_frame   0x0000000000000038       0xd8 ./Core/Src/main.o
 .debug_frame   0x0000000000000110       0x7c ./Core/Src/stm32f4xx_hal_msp.o
 .debug_frame   0x000000000000018c       0xc4 ./Core/Src/stm32f4xx_it.o
 .debug_frame   0x0000000000000250       0x58 ./Core/Src/system_stm32f4xx.o
 .debug_frame   0x00000000000002a8      0x374 ./Drivers/STM32F4xx_HAL_Driver/Src/stm32f4xx_hal.o
 .debug_frame   0x000000000000061c      0x498 ./Drivers/STM32F4xx_HAL_Driver/Src/stm32f4xx_hal_cortex.o
 .debug_frame   0x0000000000000ab4      0x14c ./Drivers/STM32F4xx_HAL_Driver/Src/stm32f4xx_hal_gpio.o
 .debug_frame   0x0000000000000c00      0x264 ./Drivers/STM32F4xx_HAL_Driver/Src/stm32f4xx_hal_pwr.o
 .debug_frame   0x0000000000000e64      0x1f4 ./Drivers/STM32F4xx_HAL_Driver/Src/stm32f4xx_hal_rcc.o
 .debug_frame   0x0000000000001058     0x11c4 ./Drivers/STM32F4xx_HAL_Driver/Src/stm32f4xx_hal_tim.o
 .debug_frame   0x000000000000221c      0x638 ./Drivers/STM32F4xx_HAL_Driver/Src/stm32f4xx_hal_tim_ex.o
 .debug_frame   0x0000000000002854      0x80c ./Middlewares/Third_Party/FreeRTOS/Source/CMSIS_RTOS/cmsis_os.o
 .debug_frame   0x0000000000003060       0xd8 ./Middlewares/Third_Party/FreeRTOS/Source/list.o
 .debug_frame   0x0000000000003138      0x77c ./Middlewares/Third_Party/FreeRTOS/Source/tasks.o
 .debug_frame   0x00000000000038b4      0x1a8 ./Middlewares/Third_Party/FreeRTOS/Source/portable/GCC/ARM_CM4F/port.o
 .debug_frame   0x0000000000003a5c      0x12c ./Middlewares/Third_Party/FreeRTOS/Source/portable/MemMang/heap_4.o
 .debug_frame   0x0000000000003b88      0x194 ./PeripheralDriver/Src/oled.o
 .debug_frame   0x0000000000003d1c       0x2c d:/stm32cubeide_1.10.1/stm32cubeide/plugins/com.st.stm32cube.ide.mcu.externaltools.gnu-tools-for-stm32.10.3-2021.10.win32_1.0.0.202111181127/tools/bin/../lib/gcc/arm-none-eabi/10.3.1/../../../../arm-none-eabi/lib/thumb/v7e-m+fp/hard\libc_nano.a(lib_a-init.o)
 .debug_frame   0x0000000000003d48       0x20 d:/stm32cubeide_1.10.1/stm32cubeide/plugins/com.st.stm32cube.ide.mcu.externaltools.gnu-tools-for-stm32.10.3-2021.10.win32_1.0.0.202111181127/tools/bin/../lib/gcc/arm-none-eabi/10.3.1/../../../../arm-none-eabi/lib/thumb/v7e-m+fp/hard\libc_nano.a(lib_a-memset.o)
 .debug_frame   0x0000000000003d68       0x2c d:/stm32cubeide_1.10.1/stm32cubeide/plugins/com.st.stm32cube.ide.mcu.externaltools.gnu-tools-for-stm32.10.3-2021.10.win32_1.0.0.202111181127/tools/bin/../lib/gcc/arm-none-eabi/10.3.1/thumb/v7e-m+fp/hard\libgcc.a(_aeabi_uldivmod.o)
 .debug_frame   0x0000000000003d94       0x34 d:/stm32cubeide_1.10.1/stm32cubeide/plugins/com.st.stm32cube.ide.mcu.externaltools.gnu-tools-for-stm32.10.3-2021.10.win32_1.0.0.202111181127/tools/bin/../lib/gcc/arm-none-eabi/10.3.1/thumb/v7e-m+fp/hard\libgcc.a(_udivmoddi4.o)
