../Core/Src/main.c:104:5:main	8	static
../Core/Src/main.c:196:6:SystemClock_Config	88	static
../Core/Src/main.c:238:13:MX_TIM2_Init	56	static
../Core/Src/main.c:287:13:MX_TIM8_Init	96	static
../Core/Src/main.c:361:13:MX_USART3_UART_Init	8	static
../Core/Src/main.c:394:13:MX_GPIO_Init	48	static
../Core/Src/main.c:437:6:HAL_UARD_RxCpltCallback	16	static
../Core/Src/main.c:453:6:StartDefaultTask	16	static
../Core/Src/main.c:478:6:show	40	static
../Core/Src/main.c:501:6:motor	40	static
../Core/Src/main.c:550:6:encoder	56	static
../Core/Src/main.c:596:6:Error_Handler	4	static,ignoring_inline_asm
