14:54:42 **** Incremental Build of configuration Release for project mdp ****
make -j8 all 
arm-none-eabi-gcc "../Core/Src/main.c" -mcpu=cortex-m4 -std=gnu11 -DUSE_HAL_DRIVER -DSTM32F407xx -c -I../Core/Inc -I../Drivers/STM32F4xx_HAL_Driver/Inc -I../Drivers/STM32F4xx_HAL_Driver/Inc/Legacy -I../Drivers/CMSIS/Device/ST/STM32F4xx/Include -I../Drivers/CMSIS/Include -I"E:/3004/STM/mdp/PeripheralDriver/Inc" -I"E:/3004/STM/mdp/PeripheralDriver" -I../Middlewares/Third_Party/FreeRTOS/Source/include -I../Middlewares/Third_Party/FreeRTOS/Source/portable/GCC/ARM_CM4F -I../Middlewares/Third_Party/FreeRTOS/Source/CMSIS_RTOS_V2 -Os -ffunction-sections -fdata-sections -Wall -fstack-usage -MMD -MP -MF"Core/Src/main.d" -MT"Core/Src/main.o" --specs=nano.specs -mfpu=fpv4-sp-d16 -mfloat-abi=hard -mthumb -o "Core/Src/main.o"
../Core/Src/main.c: In function 'motor':
../Core/Src/main.c:467:3: warning: implicit declaration of function 'sprintf' [-Wimplicit-function-declaration]
  467 |   sprintf(hello, "Motor: %5d\0", pwmVal);
      |   ^~~~~~~
../Core/Src/main.c:467:3: warning: incompatible implicit declaration of built-in function 'sprintf'
../Core/Src/main.c:27:1: note: include '<stdio.h>' or provide a declaration of 'sprintf'
   26 | #include "oled.h"
  +++ |+#include <stdio.h>
   27 | /* USER CODE END Includes */
../Core/Src/main.c:467:11: warning: pointer targets in passing argument 1 of 'sprintf' differ in signedness [-Wpointer-sign]
  467 |   sprintf(hello, "Motor: %5d\0", pwmVal);
      |           ^~~~~
      |           |
      |           uint8_t * {aka unsigned char *}
../Core/Src/main.c:467:11: note: expected 'char *' but argument is of type 'uint8_t *' {aka 'unsigned char *'}
../Core/Src/main.c:467:29: warning: embedded '\0' in format [-Wformat-contains-nul]
  467 |   sprintf(hello, "Motor: %5d\0", pwmVal);
      |                             ^~
../Core/Src/main.c:481:3: warning: incompatible implicit declaration of built-in function 'sprintf'
  481 |   sprintf(hello, "Motor: %5d\0", pwmVal);
      |   ^~~~~~~
../Core/Src/main.c:481:3: note: include '<stdio.h>' or provide a declaration of 'sprintf'
../Core/Src/main.c:481:11: warning: pointer targets in passing argument 1 of 'sprintf' differ in signedness [-Wpointer-sign]
  481 |   sprintf(hello, "Motor: %5d\0", pwmVal);
      |           ^~~~~
      |           |
      |           uint8_t * {aka unsigned char *}
../Core/Src/main.c:481:11: note: expected 'char *' but argument is of type 'uint8_t *' {aka 'unsigned char *'}
../Core/Src/main.c:481:29: warning: embedded '\0' in format [-Wformat-contains-nul]
  481 |   sprintf(hello, "Motor: %5d\0", pwmVal);
      |                             ^~
../Core/Src/main.c: In function 'encoder':
../Core/Src/main.c:526:3: warning: incompatible implicit declaration of built-in function 'sprintf'
  526 |   sprintf(hello, "Speed from encoder: %5d\0", diff);
      |   ^~~~~~~
../Core/Src/main.c:526:3: note: include '<stdio.h>' or provide a declaration of 'sprintf'
../Core/Src/main.c:526:11: warning: pointer targets in passing argument 1 of 'sprintf' differ in signedness [-Wpointer-sign]
  526 |   sprintf(hello, "Speed from encoder: %5d\0", diff);
      |           ^~~~~
      |           |
      |           uint8_t * {aka unsigned char *}
../Core/Src/main.c:526:11: note: expected 'char *' but argument is of type 'uint8_t *' {aka 'unsigned char *'}
../Core/Src/main.c:526:42: warning: embedded '\0' in format [-Wformat-contains-nul]
  526 |   sprintf(hello, "Speed from encoder: %5d\0", diff);
      |                                          ^~
../Core/Src/main.c:529:11: warning: pointer targets in passing argument 1 of 'sprintf' differ in signedness [-Wpointer-sign]
  529 |   sprintf(hello, "Dir: %5d\0", dir);
      |           ^~~~~
      |           |
      |           uint8_t * {aka unsigned char *}
../Core/Src/main.c:529:11: note: expected 'char *' but argument is of type 'uint8_t *' {aka 'unsigned char *'}
../Core/Src/main.c:529:27: warning: embedded '\0' in format [-Wformat-contains-nul]
  529 |   sprintf(hello, "Dir: %5d\0", dir);
      |                           ^~
../Core/Src/main.c:526:39: warning: '%5d' directive writing between 5 and 11 bytes into a region of size 0 [-Wformat-overflow=]
  526 |   sprintf(hello, "Speed from encoder: %5d\0", diff);
      |                                       ^~~
../Core/Src/main.c:526:3: note: 'sprintf' output between 26 and 32 bytes into a destination of size 20
  526 |   sprintf(hello, "Speed from encoder: %5d\0", diff);
      |   ^~~~~~~~~~~~~~~~~~~~~~~~~~~~~~~~~~~~~~~~~~~~~~~~~
arm-none-eabi-gcc -o "mdp.elf" @"objects.list"   -mcpu=cortex-m4 -T"E:\3004\STM\mdp\STM32F407VETX_FLASH.ld" --specs=nosys.specs -Wl,-Map="mdp.map" -Wl,--gc-sections -static --specs=nano.specs -mfpu=fpv4-sp-d16 -mfloat-abi=hard -mthumb -Wl,--start-group -lc -lm -Wl,--end-group
Finished building target: mdp.elf
 
arm-none-eabi-size   mdp.elf 
arm-none-eabi-objdump -h -S  mdp.elf  > "mdp.list"
arm-none-eabi-objcopy  -O ihex  mdp.elf  "mdp.hex"
   text	   data	    bss	    dec	    hex	filename
  20104	    124	  21540	  41768	   a328	mdp.elf
Finished building: default.size.stdout
 
Finished building: mdp.hex
Finished building: mdp.list
 
 
14:54:47 **** Incremental Build of configuration Release for project mdp ****
make -j8 all 
arm-none-eabi-size   mdp.elf 
   text	   data	    bss	    dec	    hex	filename
  20104	    124	  21540	  41768	   a328	mdp.elf
Finished building: default.size.stdout
 
